Refreshing run status every 30 seconds. Press Ctrl+C to quit.

* develop Build and Update GitOps · 37640893666
Triggered via push less than a minute ago

JOBS
* build (ID 112859255263)
  ✓ Set up job
  ✓ Checkout repository
  ✓ Restore built ec-uikit for this pin
  - Vendor ec-uikit dependency
  ✓ Build vendored ec-uikit + retarget dependency
  - Save built ec-uikit for this pin
  ✓ Sync lockfile with the vendored dependency specs
  ✓ Set up Docker Buildx
  ✓ Log in to GitHub Container Registry
  ✓ Define image metadata
  * Build and push Docker image
  * Generate SBOM
  * Upload SBOM
  * Post Build and push Docker image
  * Post Log in to GitHub Container Registry
  * Post Set up Docker Buildx
  * Post Checkout repository
* validate (ID 112859255767)
  ✓ Set up job
  ✓ Checkout repository
  ✓ Setup Node.js
  ✓ ec-uikit pin is on ec-uikit/develop
  ✓ Restore built ec-uikit for this pin
  - Vendor ec-uikit dependency
  ✓ Build vendored ec-uikit + retarget dependency
  - Save built ec-uikit for this pin
  * Install dependencies
  * Lint code
  * Type check
  * Unit tests
  * CSS purity report (warn)
  * Post Setup Node.js
  * Post Checkout repository
Refreshing run status every 30 seconds. Press Ctrl+C to quit.

* develop Build and Update GitOps · 37640893666
Triggered via push about 1 minute ago

JOBS
* build (ID 112859255263)
  ✓ Set up job
  ✓ Checkout repository
  ✓ Restore built ec-uikit for this pin
  - Vendor ec-uikit dependency
  ✓ Build vendored ec-uikit + retarget dependency
  - Save built ec-uikit for this pin
  ✓ Sync lockfile with the vendored dependency specs
  ✓ Set up Docker Buildx
  ✓ Log in to GitHub Container Registry
  ✓ Define image metadata
  * Build and push Docker image
  * Generate SBOM
  * Upload SBOM
  * Post Build and push Docker image
  * Post Log in to GitHub Container Registry
  * Post Set up Docker Buildx
  * Post Checkout repository
* validate (ID 112859255767)
  ✓ Set up job
  ✓ Checkout repository
  ✓ Setup Node.js
  ✓ ec-uikit pin is on ec-uikit/develop
  ✓ Restore built ec-uikit for this pin
  - Vendor ec-uikit dependency
  ✓ Build vendored ec-uikit + retarget dependency
  - Save built ec-uikit for this pin
  ✓ Install dependencies
  ✓ Lint code
  * Type check
  * Unit tests
  * CSS purity report (warn)
  * Post Setup Node.js
  * Post Checkout repository
Refreshing run status every 30 seconds. Press Ctrl+C to quit.

* develop Build and Update GitOps · 37640893666
Triggered via push about 1 minute ago

JOBS
* build (ID 112859255263)
  ✓ Set up job
  ✓ Checkout repository
  ✓ Restore built ec-uikit for this pin
  - Vendor ec-uikit dependency
  ✓ Build vendored ec-uikit + retarget dependency
  - Save built ec-uikit for this pin
  ✓ Sync lockfile with the vendored dependency specs
  ✓ Set up Docker Buildx
  ✓ Log in to GitHub Container Registry
  ✓ Define image metadata
  * Build and push Docker image
  * Generate SBOM
  * Upload SBOM
  * Post Build and push Docker image
  * Post Log in to GitHub Container Registry
  * Post Set up Docker Buildx
  * Post Checkout repository
* validate (ID 112859255767)
  ✓ Set up job
  ✓ Checkout repository
  ✓ Setup Node.js
  ✓ ec-uikit pin is on ec-uikit/develop
  ✓ Restore built ec-uikit for this pin
  - Vendor ec-uikit dependency
  ✓ Build vendored ec-uikit + retarget dependency
  - Save built ec-uikit for this pin
  ✓ Install dependencies
  ✓ Lint code
  ✓ Type check
  * Unit tests
  * CSS purity report (warn)
  * Post Setup Node.js
  * Post Checkout repository
Refreshing run status every 30 seconds. Press Ctrl+C to quit.

* develop Build and Update GitOps · 37640893666
Triggered via push about 2 minutes ago

JOBS
* build (ID 112859255263)
  ✓ Set up job
  ✓ Checkout repository
  ✓ Restore built ec-uikit for this pin
  - Vendor ec-uikit dependency
  ✓ Build vendored ec-uikit + retarget dependency
  - Save built ec-uikit for this pin
  ✓ Sync lockfile with the vendored dependency specs
  ✓ Set up Docker Buildx
  ✓ Log in to GitHub Container Registry
  ✓ Define image metadata
  * Build and push Docker image
  * Generate SBOM
  * Upload SBOM
  * Post Build and push Docker image
  * Post Log in to GitHub Container Registry
  * Post Set up Docker Buildx
  * Post Checkout repository
* validate (ID 112859255767)
  ✓ Set up job
  ✓ Checkout repository
  ✓ Setup Node.js
  ✓ ec-uikit pin is on ec-uikit/develop
  ✓ Restore built ec-uikit for this pin
  - Vendor ec-uikit dependency
  ✓ Build vendored ec-uikit + retarget dependency
  - Save built ec-uikit for this pin
  ✓ Install dependencies
  ✓ Lint code
  ✓ Type check
  * Unit tests
  * CSS purity report (warn)
  * Post Setup Node.js
  * Post Checkout repository
Refreshing run status every 30 seconds. Press Ctrl+C to quit.

* develop Build and Update GitOps · 37640893666
Triggered via push about 2 minutes ago

JOBS
* build (ID 112859255263)
  ✓ Set up job
  ✓ Checkout repository
  ✓ Restore built ec-uikit for this pin
  - Vendor ec-uikit dependency
  ✓ Build vendored ec-uikit + retarget dependency
  - Save built ec-uikit for this pin
  ✓ Sync lockfile with the vendored dependency specs
  ✓ Set up Docker Buildx
  ✓ Log in to GitHub Container Registry
  ✓ Define image metadata
  * Build and push Docker image
  * Generate SBOM
  * Upload SBOM
  * Post Build and push Docker image
  * Post Log in to GitHub Container Registry
  * Post Set up Docker Buildx
  * Post Checkout repository
* validate (ID 112859255767)
  ✓ Set up job
  ✓ Checkout repository
  ✓ Setup Node.js
  ✓ ec-uikit pin is on ec-uikit/develop
  ✓ Restore built ec-uikit for this pin
  - Vendor ec-uikit dependency
  ✓ Build vendored ec-uikit + retarget dependency
  - Save built ec-uikit for this pin
  ✓ Install dependencies
  ✓ Lint code
  ✓ Type check
  * Unit tests
  * CSS purity report (warn)
  * Post Setup Node.js
  * Post Checkout repository
Refreshing run status every 30 seconds. Press Ctrl+C to quit.

* develop Build and Update GitOps · 37640893666
Triggered via push about 3 minutes ago

JOBS
* build (ID 112859255263)
  ✓ Set up job
  ✓ Checkout repository
  ✓ Restore built ec-uikit for this pin
  - Vendor ec-uikit dependency
  ✓ Build vendored ec-uikit + retarget dependency
  - Save built ec-uikit for this pin
  ✓ Sync lockfile with the vendored dependency specs
  ✓ Set up Docker Buildx
  ✓ Log in to GitHub Container Registry
  ✓ Define image metadata
  * Build and push Docker image
  * Generate SBOM
  * Upload SBOM
  * Post Build and push Docker image
  * Post Log in to GitHub Container Registry
  * Post Set up Docker Buildx
  * Post Checkout repository
* validate (ID 112859255767)
  ✓ Set up job
  ✓ Checkout repository
  ✓ Setup Node.js
  ✓ ec-uikit pin is on ec-uikit/develop
  ✓ Restore built ec-uikit for this pin
  - Vendor ec-uikit dependency
  ✓ Build vendored ec-uikit + retarget dependency
  - Save built ec-uikit for this pin
  ✓ Install dependencies
  ✓ Lint code
  ✓ Type check
  * Unit tests
  * CSS purity report (warn)
  * Post Setup Node.js
  * Post Checkout repository
Refreshing run status every 30 seconds. Press Ctrl+C to quit.

* develop Build and Update GitOps · 37640893666
Triggered via push about 4 minutes ago

JOBS
* build (ID 112859255263)
  ✓ Set up job
  ✓ Checkout repository
  ✓ Restore built ec-uikit for this pin
  - Vendor ec-uikit dependency
  ✓ Build vendored ec-uikit + retarget dependency
  - Save built ec-uikit for this pin
  ✓ Sync lockfile with the vendored dependency specs
  ✓ Set up Docker Buildx
  ✓ Log in to GitHub Container Registry
  ✓ Define image metadata
  * Build and push Docker image
  * Generate SBOM
  * Upload SBOM
  * Post Build and push Docker image
  * Post Log in to GitHub Container Registry
  * Post Set up Docker Buildx
  * Post Checkout repository
* validate (ID 112859255767)
  ✓ Set up job
  ✓ Checkout repository
  ✓ Setup Node.js
  ✓ ec-uikit pin is on ec-uikit/develop
  ✓ Restore built ec-uikit for this pin
  - Vendor ec-uikit dependency
  ✓ Build vendored ec-uikit + retarget dependency
  - Save built ec-uikit for this pin
  ✓ Install dependencies
  ✓ Lint code
  ✓ Type check
  * Unit tests
  * CSS purity report (warn)
  * Post Setup Node.js
  * Post Checkout repository
Refreshing run status every 30 seconds. Press Ctrl+C to quit.

* develop Build and Update GitOps · 37640893666
Triggered via push about 4 minutes ago

JOBS
* build (ID 112859255263)
  ✓ Set up job
  ✓ Checkout repository
  ✓ Restore built ec-uikit for this pin
  - Vendor ec-uikit dependency
  ✓ Build vendored ec-uikit + retarget dependency
  - Save built ec-uikit for this pin
  ✓ Sync lockfile with the vendored dependency specs
  ✓ Set up Docker Buildx
  ✓ Log in to GitHub Container Registry
  ✓ Define image metadata
  * Build and push Docker image
  * Generate SBOM
  * Upload SBOM
  * Post Build and push Docker image
  * Post Log in to GitHub Container Registry
  * Post Set up Docker Buildx
  * Post Checkout repository
* validate (ID 112859255767)
  ✓ Set up job
  ✓ Checkout repository
  ✓ Setup Node.js
  ✓ ec-uikit pin is on ec-uikit/develop
  ✓ Restore built ec-uikit for this pin
  - Vendor ec-uikit dependency
  ✓ Build vendored ec-uikit + retarget dependency
  - Save built ec-uikit for this pin
  ✓ Install dependencies
  ✓ Lint code
  ✓ Type check
  * Unit tests
  * CSS purity report (warn)
  * Post Setup Node.js
  * Post Checkout repository
Refreshing run status every 30 seconds. Press Ctrl+C to quit.

* develop Build and Update GitOps · 37640893666
Triggered via push about 5 minutes ago

JOBS
* build (ID 112859255263)
  ✓ Set up job
  ✓ Checkout repository
  ✓ Restore built ec-uikit for this pin
  - Vendor ec-uikit dependency
  ✓ Build vendored ec-uikit + retarget dependency
  - Save built ec-uikit for this pin
  ✓ Sync lockfile with the vendored dependency specs
  ✓ Set up Docker Buildx
  ✓ Log in to GitHub Container Registry
  ✓ Define image metadata
  ✓ Build and push Docker image
  ✓ Generate SBOM
  ✓ Upload SBOM
  ✓ Post Build and push Docker image
  ✓ Post Log in to GitHub Container Registry
  * Post Set up Docker Buildx
  * Post Checkout repository
* validate (ID 112859255767)
  ✓ Set up job
  ✓ Checkout repository
  ✓ Setup Node.js
  ✓ ec-uikit pin is on ec-uikit/develop
  ✓ Restore built ec-uikit for this pin
  - Vendor ec-uikit dependency
  ✓ Build vendored ec-uikit + retarget dependency
  - Save built ec-uikit for this pin
  ✓ Install dependencies
  ✓ Lint code
  ✓ Type check
  * Unit tests
  * CSS purity report (warn)
  * Post Setup Node.js
  * Post Checkout repository
Refreshing run status every 30 seconds. Press Ctrl+C to quit.

* develop Build and Update GitOps · 37640893666
Triggered via push about 5 minutes ago

JOBS
✓ build in 5m4s (ID 112859255263)
  ✓ Set up job
  ✓ Checkout repository
  ✓ Restore built ec-uikit for this pin
  - Vendor ec-uikit dependency
  ✓ Build vendored ec-uikit + retarget dependency
  - Save built ec-uikit for this pin
  ✓ Sync lockfile with the vendored dependency specs
  ✓ Set up Docker Buildx
  ✓ Log in to GitHub Container Registry
  ✓ Define image metadata
  ✓ Build and push Docker image
  ✓ Generate SBOM
  ✓ Upload SBOM
  ✓ Post Build and push Docker image
  ✓ Post Log in to GitHub Container Registry
  ✓ Post Set up Docker Buildx
  ✓ Post Checkout repository
  ✓ Complete job
* validate (ID 112859255767)
  ✓ Set up job
  ✓ Checkout repository
  ✓ Setup Node.js
  ✓ ec-uikit pin is on ec-uikit/develop
  ✓ Restore built ec-uikit for this pin
  - Vendor ec-uikit dependency
  ✓ Build vendored ec-uikit + retarget dependency
  - Save built ec-uikit for this pin
  ✓ Install dependencies
  ✓ Lint code
  ✓ Type check
  * Unit tests
  * CSS purity report (warn)
  * Post Setup Node.js
  * Post Checkout repository

ANNOTATIONS
! Node.js 20 is deprecated. The following actions target Node.js 20 but are being forced to run on Node.js 24: actions/cache/restore@v4, actions/checkout@v4, actions/upload-artifact@v4, docker/build-push-action@v5, docker/login-action@v3, docker/setup-buildx-action@v3. For more information see: https://github.blog/changelog/2025-09-19-deprecation-of-node-20-on-github-actions-runners/
build: .github#5

- "The ubuntu-latest label will migrate to Ubuntu 26 beginning October 19, 2026. For more information, see https://github.com/actions/runner-images/issues/14748"
build: .github#1

Refreshing run status every 30 seconds. Press Ctrl+C to quit.

* develop Build and Update GitOps · 37640893666
Triggered via push about 6 minutes ago

JOBS
✓ build in 5m4s (ID 112859255263)
  ✓ Set up job
  ✓ Checkout repository
  ✓ Restore built ec-uikit for this pin
  - Vendor ec-uikit dependency
  ✓ Build vendored ec-uikit + retarget dependency
  - Save built ec-uikit for this pin
  ✓ Sync lockfile with the vendored dependency specs
  ✓ Set up Docker Buildx
  ✓ Log in to GitHub Container Registry
  ✓ Define image metadata
  ✓ Build and push Docker image
  ✓ Generate SBOM
  ✓ Upload SBOM
  ✓ Post Build and push Docker image
  ✓ Post Log in to GitHub Container Registry
  ✓ Post Set up Docker Buildx
  ✓ Post Checkout repository
  ✓ Complete job
* validate (ID 112859255767)
  ✓ Set up job
  ✓ Checkout repository
  ✓ Setup Node.js
  ✓ ec-uikit pin is on ec-uikit/develop
  ✓ Restore built ec-uikit for this pin
  - Vendor ec-uikit dependency
  ✓ Build vendored ec-uikit + retarget dependency
  - Save built ec-uikit for this pin
  ✓ Install dependencies
  ✓ Lint code
  ✓ Type check
  * Unit tests
  * CSS purity report (warn)
  * Post Setup Node.js
  * Post Checkout repository

ANNOTATIONS
! Node.js 20 is deprecated. The following actions target Node.js 20 but are being forced to run on Node.js 24: actions/cache/restore@v4, actions/checkout@v4, actions/upload-artifact@v4, docker/build-push-action@v5, docker/login-action@v3, docker/setup-buildx-action@v3. For more information see: https://github.blog/changelog/2025-09-19-deprecation-of-node-20-on-github-actions-runners/
build: .github#5

- "The ubuntu-latest label will migrate to Ubuntu 26 beginning October 19, 2026. For more information, see https://github.com/actions/runner-images/issues/14748"
build: .github#1

✓ develop Build and Update GitOps · 37640893666
Triggered via push about 6 minutes ago

JOBS
✓ build in 5m4s (ID 112859255263)
  ✓ Set up job
  ✓ Checkout repository
  ✓ Restore built ec-uikit for this pin
  - Vendor ec-uikit dependency
  ✓ Build vendored ec-uikit + retarget dependency
  - Save built ec-uikit for this pin
  ✓ Sync lockfile with the vendored dependency specs
  ✓ Set up Docker Buildx
  ✓ Log in to GitHub Container Registry
  ✓ Define image metadata
  ✓ Build and push Docker image
  ✓ Generate SBOM
  ✓ Upload SBOM
  ✓ Post Build and push Docker image
  ✓ Post Log in to GitHub Container Registry
  ✓ Post Set up Docker Buildx
  ✓ Post Checkout repository
  ✓ Complete job
✓ validate in 6m13s (ID 112859255767)
  ✓ Set up job
  ✓ Checkout repository
  ✓ Setup Node.js
  ✓ ec-uikit pin is on ec-uikit/develop
  ✓ Restore built ec-uikit for this pin
  - Vendor ec-uikit dependency
  ✓ Build vendored ec-uikit + retarget dependency
  - Save built ec-uikit for this pin
  ✓ Install dependencies
  ✓ Lint code
  ✓ Type check
  ✓ Unit tests
  ✓ CSS purity report (warn)
  ✓ Post Setup Node.js
  ✓ Post Checkout repository
  ✓ Complete job
✓ update-gitops in 9s (ID 112862270257)
  ✓ Set up job
  ✓ Checkout GitOps repository
  ✓ Update image tag in GitOps
  ✓ Commit and push changes
  ✓ Trigger ArgoCD Sync
  ✓ Post Checkout GitOps repository
  ✓ Complete job

ANNOTATIONS
! Node.js 20 is deprecated. The following actions target Node.js 20 but are being forced to run on Node.js 24: actions/cache/restore@v4, actions/checkout@v4, actions/upload-artifact@v4, docker/build-push-action@v5, docker/login-action@v3, docker/setup-buildx-action@v3. For more information see: https://github.blog/changelog/2025-09-19-deprecation-of-node-20-on-github-actions-runners/
build: .github#5

- "The ubuntu-latest label will migrate to Ubuntu 26 beginning October 19, 2026. For more information, see https://github.com/actions/runner-images/issues/14748"
build: .github#1

! Node.js 20 is deprecated. The following actions target Node.js 20 but are being forced to run on Node.js 24: actions/cache/restore@v4, actions/checkout@v4, actions/setup-node@v4. For more information see: https://github.blog/changelog/2025-09-19-deprecation-of-node-20-on-github-actions-runners/
validate: .github#2

- "The ubuntu-latest label will migrate to Ubuntu 26 beginning October 19, 2026. For more information, see https://github.com/actions/runner-images/issues/14748"
validate: .github#1

! Node.js 20 is deprecated. The following actions target Node.js 20 but are being forced to run on Node.js 24: actions/checkout@v4. For more information see: https://github.blog/changelog/2025-09-19-deprecation-of-node-20-on-github-actions-runners/
update-gitops: .github#2

- "The ubuntu-latest label will migrate to Ubuntu 26 beginning October 19, 2026. For more information, see https://github.com/actions/runner-images/issues/14748"
update-gitops: .github#1
