 ...rc/lib/account |   80.46 |    72.04 |   95.83 |   80.46 |
  csrf.ts          |     100 |    61.11 |     100 |     100 | 61-68,72,103
  ...stallation.ts |       0 |      100 |     100 |       0 | 43-103
  reauth.ts        |     100 |    33.33 |     100 |     100 | 36-38
  repo-resync.ts   |   90.47 |       80 |     100 |   90.47 | 67-68
  repos-cache.ts   |   73.46 |       50 |      80 |   73.46 | 36-44,56-57,72,84
  ...ected-repo.ts |   94.07 |    81.25 |     100 |   94.07 | 144-147,253-257
  sync-status.ts   |     100 |    76.92 |     100 |     100 | 40,42,44
  tokens.ts        |   94.44 |    88.88 |     100 |   94.44 | 77-78
 ...orm/src/lib/ai |   15.78 |    33.33 |      40 |   15.78 |
  ai-router.ts     |   33.33 |    33.33 |   66.66 |   33.33 | ...8,71-72,81-116
  ...ni-adapter.ts |    4.54 |      100 |       0 |    4.54 | 44-126
  ...ma-adapter.ts |    5.12 |      100 |       0 |    5.12 | 33-80
 ...src/lib/alerts |   92.91 |    91.34 |   93.75 |   92.91 |
  ...te-deadman.ts |     100 |       90 |     100 |     100 | 51
  dedup.ts         |    95.6 |    89.47 |   88.88 |    95.6 | 130-131,141-142
  detectors.ts     |   89.45 |    85.29 |   90.47 |   89.45 | ...22-623,913-914
  digest.ts        |   98.03 |    88.88 |     100 |   98.03 | 56
  ...servations.ts |     100 |    96.87 |     100 |     100 | 29,84,127,129,133
  types.ts         |     100 |      100 |     100 |     100 |
 ...rm/src/lib/api |   31.25 |      100 |      50 |   31.25 |
  skill-params.ts  |   31.25 |      100 |      50 |   31.25 | 22-32
 ...m/src/lib/auth |   69.72 |    82.97 |   81.81 |   69.72 |
  ...thubBearer.ts |   69.72 |    82.97 |   81.81 |   69.72 | ...33-348,372-421
 ...rc/lib/billing |      80 |       80 |     100 |      80 |
  quota-shape.ts   |      80 |       80 |     100 |      80 | 59-62
 .../src/lib/cache |    75.6 |    89.47 |      50 |    75.6 |
  ...sher-cache.ts |    75.6 |    89.47 |      50 |    75.6 | 66,73-81
 ...rc/lib/crawler |   69.72 |    77.14 |     100 |   69.72 |
  ...very-dedup.ts |     100 |      100 |     100 |     100 |
  ...-discovery.ts |   87.44 |    75.63 |     100 |   87.44 | ...21-924,957-959
  ...-discovery.ts |       0 |      100 |     100 |       0 | 9-311
 ...m/src/lib/cron |   70.69 |    78.96 |   77.77 |   70.69 |
  ...t-dispatch.ts |     100 |      100 |     100 |     100 |
  ...reconciler.ts |   54.54 |       85 |      50 |   54.54 | 232-320,331-395
  enrichment.ts    |   88.21 |    84.92 |      80 |   88.21 | ...91,412-413,486
  ...regression.ts |   81.32 |       40 |     100 |   81.32 | ...19-221,258-259
  ...5-reminder.ts |   32.35 |      100 |      50 |   32.35 | 131-283
  ...ay-91-flip.ts |   32.76 |      100 |      50 |   32.76 | 164-336
  ...he-refresh.ts |       0 |      100 |     100 |       0 | 7-42
  ...ist-warmup.ts |     100 |       90 |     100 |     100 | 81
  ...ts-refresh.ts |   72.77 |    77.27 |   57.14 |   72.77 | ...62-570,577-641
  ...reconciler.ts |   88.34 |    85.18 |   66.66 |   88.34 | 185-186,301-317
  ...he-refresh.ts |       0 |      100 |     100 |       0 | 6-52
  ...urce-sweep.ts |   89.25 |    59.09 |     100 |   89.25 | ...41-142,147-151
  stats-refresh.ts |   82.84 |    75.25 |     100 |   82.84 | ...89-390,400-418
  ...ding-score.ts |     100 |      100 |     100 |     100 |
 ...src/lib/crypto |     100 |      100 |     100 |     100 |
  ...safe-equal.ts |     100 |      100 |     100 |     100 |
 ...m/src/lib/diff |     100 |      100 |     100 |     100 |
  ...fied-patch.ts |     100 |      100 |     100 |     100 |
 .../src/lib/email |    98.9 |    85.71 |     100 |    98.9 |
  send.ts          |    98.9 |    85.71 |     100 |    98.9 | 53
 ...m/src/lib/eval |   92.57 |     73.6 |   97.43 |   92.57 |
  ...ion-grader.ts |   85.71 |       70 |     100 |   85.71 | 40,45-51,119-120
  ...de-adapter.ts |     100 |    88.88 |     100 |     100 | 67
  comparator.ts    |     100 |       80 |     100 |     100 | 42,70
  ...-engine-v2.ts |    94.4 |    63.33 |     100 |    94.4 | ...36,151-152,238
  eval-engine.ts   |   85.12 |    72.72 |      80 |   85.12 | ...32-133,174-183
  eval-store.ts    |   98.42 |    65.21 |     100 |   98.42 | 71,138
  judge.ts         |    98.8 |    74.41 |     100 |    98.8 | 116
  ...l-registry.ts |   92.59 |       90 |     100 |   92.59 | 45-46
  ...-generator.ts |   86.41 |    66.66 |     100 |   86.41 | ...69,329,332-333
  rubric-scorer.ts |   89.58 |       60 |     100 |   89.58 | 39,51-52,87-88
  types.ts         |     100 |      100 |     100 |     100 |
  usefulness.ts    |     100 |      100 |     100 |     100 |
  ...e-analyzer.ts |     100 |      100 |     100 |     100 |
  verdict-v2.ts    |     100 |      100 |     100 |     100 |
 ...src/lib/github |   95.34 |    86.48 |     100 |   95.34 |
  compare.ts       |   95.34 |    86.48 |     100 |   95.34 | 155,183-184,206
 .../lib/integrity |   91.62 |    92.68 |   85.71 |   91.62 |
  ...nical-hash.ts |     100 |     92.3 |     100 |     100 | 34
  errors.ts        |   77.58 |      100 |      60 |   77.58 | 32-42,85-86
  semver.ts        |   97.61 |     91.8 |     100 |   97.61 | 102-103
  tree-hash.ts     |     100 |      100 |     100 |     100 |
 .../src/lib/learn |     100 |      100 |     100 |     100 |
  video-catalog.ts |     100 |      100 |     100 |     100 |
  video-seo.ts     |     100 |      100 |     100 |     100 |
  videos.ts        |     100 |      100 |     100 |     100 |
 ...c/lib/pipeline |   99.04 |      100 |     100 |   99.04 |
  index.ts         |       0 |      100 |     100 |       0 | 6
  ...on-machine.ts |     100 |      100 |     100 |     100 |
 ...lib/publishers |     100 |    94.87 |     100 |     100 |
  list-page.ts     |     100 |    94.87 |     100 |     100 | 12,56
 .../src/lib/queue |    74.9 |    75.21 |   91.13 |    74.9 |
  ...take-retry.ts |     100 |    93.33 |     100 |     100 | 30
  consumer.ts      |   79.15 |    62.26 |     100 |   79.15 | ...97-398,417-419
  ...-event-log.ts |   90.69 |    88.23 |     100 |   90.69 | 67-68,91-92
  dlq-consumer.ts  |     100 |      100 |     100 |     100 |
  dlq-store.ts     |     100 |     92.3 |     100 |     100 | 52
  eval-consumer.ts |   79.16 |    34.61 |     100 |   79.16 | ...01,204,217-220
  eval-types.ts    |       0 |        0 |       0 |       0 |
  ...ssion-list.ts |   63.23 |    65.85 |   66.66 |   63.23 | ...85,314,331-335
  ...db-updates.ts |     100 |     87.5 |     100 |     100 | 45
  metrics-store.ts |   83.17 |      100 |    90.9 |   83.17 | 76-95
  ...ill-expand.ts |      96 |       88 |     100 |      96 | 120-122
  positions.ts     |    67.5 |    54.54 |     100 |    67.5 | 48-53,57-63,75-76
  ...submission.ts |   76.75 |    71.89 |    90.9 |   76.75 | ...96-797,804-807
  ...tats-cache.ts |    95.1 |     87.5 |     100 |    95.1 | ...47-148,160-161
  ...-freshness.ts |     100 |     87.5 |     100 |     100 | 31,38,45
  recovery.ts      |   59.84 |    73.58 |   72.72 |   59.84 | ...46-950,963-967
  ...-log-store.ts |       0 |      100 |     100 |       0 | 8-39
  ...x-consumer.ts |     100 |      100 |     100 |     100 |
  ...sion-dedup.ts |     100 |      100 |     100 |     100 |
  types.ts         |       0 |        0 |       0 |       0 |
 ...rc/lib/scanner |   91.91 |    90.12 |      92 |   91.91 |
  ...-extractor.ts |     100 |       80 |     100 |     100 | 77,82,96,101-104
  ...y-analyzer.ts |    56.9 |    95.45 |      50 |    56.9 | 132,189-286
  ...y-detector.ts |     100 |      100 |     100 |     100 |
  ...-permalink.ts |     100 |    95.23 |     100 |     100 | 78
  ...p-findings.ts |   95.74 |    70.58 |     100 |   95.74 | 54-55
  index.ts         |     100 |     87.5 |     100 |     100 | 65
  patterns.ts      |   99.14 |    94.67 |     100 |   99.14 | ...17-718,904-905
  ...pt-scanner.ts |     100 |    94.44 |     100 |     100 | 87
  socket-client.ts |   96.84 |    78.26 |      80 |   96.84 | 61,145-146
  ...ype-mapper.ts |     100 |      100 |     100 |     100 |
  tier1.ts         |     100 |      100 |     100 |     100 |
  tier2.ts         |   77.83 |    78.18 |     100 |   77.83 | ...36-350,354-355
 ...b/search-index |   95.65 |    84.61 |     100 |   95.65 |
  mark-dirty.ts    |   95.65 |    84.61 |     100 |   95.65 | 50
 ...c/lib/skill-md |     100 |       80 |     100 |     100 |
  ...if-missing.ts |     100 |       80 |     100 |     100 | 30-31,37,41
 ...b/skill-update |   86.74 |    83.02 |   96.42 |   86.74 |
  content-hash.ts  |     100 |       75 |     100 |     100 | 35,61-63
  enqueue.ts       |       0 |      100 |     100 |       0 | 38-77
  github-api.ts    |   95.52 |    69.23 |     100 |   95.52 | 87-88,115
  ...onciler-do.ts |   89.47 |    66.66 |     100 |   89.47 | ...11-112,149-150
  ...reconciler.ts |   96.21 |     82.6 |     100 |   96.21 | 74,145-148
  outbox-writer.ts |     100 |    91.66 |     100 |     100 | 121
  provenance.ts    |       0 |      100 |     100 |       0 | 26-28
  ...ish-client.ts |     100 |    69.23 |     100 |     100 | 46,66,69
  publish.ts       |       0 |      100 |     100 |       0 | 31-58
  ...e-consumer.ts |   58.62 |    82.14 |     100 |   58.62 | 97-135,148-156
  replay-log.ts    |     100 |    96.29 |     100 |     100 | 58
  scan-lock.ts     |     100 |    88.88 |     100 |     100 | 66
  scanner.ts       |   92.92 |     82.6 |     100 |   92.92 | ...76-477,515-516
  skill-name.ts    |     100 |      100 |     100 |     100 |
  ...n-decision.ts |     100 |      100 |     100 |     100 |
  types.ts         |       0 |        0 |       0 |       0 |
  ulid.ts          |     100 |      100 |     100 |     100 |
  update-hub.ts    |   91.53 |       80 |      75 |   91.53 | ...07-208,247,265
  ...k-dedup-do.ts |   89.47 |     87.5 |     100 |   89.47 | 51-55,59
 ...date/discovery |   93.41 |    70.87 |     100 |   93.41 |
  enqueue.ts       |     100 |    90.47 |     100 |     100 | 62-63
  resolver.ts      |   92.37 |    65.85 |     100 |   92.37 | ...61-363,380,399
 ...src/lib/skills |   97.38 |    83.67 |     100 |   97.38 |
  ...th-version.ts |     100 |    83.33 |     100 |     100 | 102,160
  ...-validator.ts |   96.32 |    83.78 |     100 |   96.32 | 87-88,123-125
 ...src/lib/stripe |   91.92 |     78.4 |   96.42 |   91.92 |
  client.ts        |   79.38 |     82.6 |     100 |   79.38 | ...99-203,205-209
  coupons.ts       |   94.73 |    92.85 |     100 |   94.73 | 87-88
  ...ct-webhook.ts |   97.29 |    83.33 |     100 |   97.29 | 69-70
  tier-flip.ts     |     100 |    95.74 |     100 |     100 | 70,116
  ...k-handlers.ts |   93.19 |    67.22 |      90 |   93.19 | ...30,433,533-538
 ...src/lib/studio |   87.62 |    92.85 |   66.66 |   87.62 |
  etag.ts          |     100 |      100 |     100 |     100 |
  lru.ts           |   84.84 |    88.88 |      60 |   84.84 | 45,55-56,59-60
  rate-limit.ts    |   83.72 |    88.88 |      50 |   83.72 | 50-51,73-75,79-80
 ...lib/submission |   82.22 |    80.72 |   83.58 |   82.22 |
  db-persist.ts    |   77.08 |     57.3 |   76.92 |   77.08 | ...10-235,283-284
  index.ts         |     100 |      100 |     100 |     100 |
  kv-store.ts      |   58.87 |    85.93 |   71.42 |   58.87 | ...07-427,445-446
  publish.ts       |   92.46 |    79.52 |    92.3 |   92.46 | ...1025,1072-1074
  recovery.ts      |   89.02 |       80 |     100 |   89.02 | 53-61
  ...lias-store.ts |    1.88 |      100 |       0 |    1.88 | 30-104
  stage-timings.ts |     100 |    95.65 |     100 |     100 | 54
  state-history.ts |     100 |      100 |     100 |     100 |
  ...can-result.ts |     100 |    89.74 |     100 |     100 | 115,137-139
  types.ts         |     100 |      100 |     100 |     100 |
  upsert.ts        |   89.82 |       86 |     100 |   89.82 | ...95,549-550,634
 .../src/lib/trust |   85.21 |    99.13 |     100 |   85.21 |
  content-hash.ts  |     100 |      100 |     100 |     100 |
  provenance.ts    |     100 |      100 |     100 |     100 |
  ...r-registry.ts |     100 |      100 |     100 |     100 |
  ...t-backfill.ts |       0 |      100 |     100 |       0 | 11-94
  ...ropagation.ts |     100 |      100 |     100 |     100 |
  trust-score.ts   |     100 |      100 |     100 |     100 |
  trust-updater.ts |     100 |       96 |     100 |     100 | 158
  trusted-orgs.ts  |     100 |      100 |     100 |     100 |
 .../src/lib/types |     100 |       75 |     100 |     100 |
  account.ts       |       0 |        0 |       0 |       0 |
  billing.ts       |     100 |    66.66 |     100 |     100 | 123
 ...bhook-handlers |   84.78 |    69.33 |   69.23 |   84.78 |
  _tenant-stub.ts  |   37.14 |      100 |      20 |   37.14 | ...81,84-88,91-92
  _tenant-wire.ts  |     100 |       50 |     100 |     100 | 23
  dispatch.ts      |     100 |     87.5 |     100 |     100 | 56
  ...positories.ts |   90.54 |       70 |     100 |   90.54 | 82-83,111-115
  installation.ts  |   87.28 |    65.21 |     100 |   87.28 | ...07-108,195-204
  repository.ts    |   85.59 |    66.66 |     100 |   85.59 | ...25-126,173-183
 ...form/src/pages |       0 |        0 |       0 |       0 |
  500.tsx          |       0 |        0 |       0 |       0 | 1-3
 ...m/src/remotion |    9.87 |    66.66 |   66.66 |    9.87 |
  ...athonDemo.tsx |       0 |      100 |     100 |       0 | 2-104
  HomepageDemo.tsx |       0 |        0 |       0 |       0 | 1-73
  PromoVideo.tsx   |       0 |      100 |     100 |       0 | 2-105
  Root.tsx         |       0 |      100 |     100 |       0 | 2-131
  ...tudioDemo.tsx |       0 |      100 |     100 |       0 | 2-123
  constants.ts     |     100 |      100 |     100 |     100 |
  index.ts         |       0 |        0 |       0 |       0 | 1-4
 ...ion/components |       0 |      100 |     100 |       0 |
  AgentIcon.tsx    |       0 |      100 |     100 |       0 | 2
  BigText.tsx      |       0 |      100 |     100 |       0 | 2
  ...inalFrame.tsx |       0 |      100 |     100 |       0 | 2
  ...adgeVideo.tsx |       0 |      100 |     100 |       0 | 2
  ...itionWipe.tsx |       0 |      100 |     100 |       0 | 2
 ...tion/scene-kit |     100 |      100 |     100 |     100 |
  index.ts         |     100 |      100 |     100 |     100 |
  tokens.ts        |     100 |      100 |     100 |     100 |
  uiTokens.ts      |     100 |      100 |     100 |     100 |
 ...kit/primitives |   58.89 |    78.57 |   53.84 |   58.89 |
  AgentIcon.tsx    |    3.48 |      100 |       0 |    3.48 | 17-115
  BigText.tsx      |     100 |      100 |     100 |     100 |
  ...serChrome.tsx |     100 |      100 |     100 |     100 |
  CaptionBar.tsx   |     100 |    33.33 |     100 |     100 | 45-49
  ...ypewriter.tsx |   95.45 |       80 |     100 |   95.45 | 41-42
  MetricBar.tsx    |     100 |      100 |     100 |     100 |
  PillTag.tsx      |     100 |      100 |     100 |     100 |
  SkillCard.tsx    |     100 |      100 |     100 |     100 |
  TUIFrame.tsx     |    3.63 |      100 |       0 |    3.63 | 18-80
  ...inalFrame.tsx |    5.21 |      100 |       0 |    5.21 | 33-58,62-159
  ...adgeVideo.tsx |    25.8 |      100 |       0 |    25.8 | 38-120
  ...itionWipe.tsx |    8.33 |      100 |       0 |    8.33 | 17-56
 ...ves/_internals |     100 |      100 |     100 |     100 |
  ...ingCursor.tsx |     100 |      100 |     100 |     100 |
 ...emotion/scenes |       0 |      100 |     100 |       0 |
  CLIShowcase.tsx  |       0 |      100 |     100 |       0 | 2-150
  DocsCodeGen.tsx  |       0 |      100 |     100 |       0 | 2-292
  ...tWorkflow.tsx |       0 |      100 |     100 |       0 | 2-175
  Intro.tsx        |       0 |      100 |     100 |       0 | 2-126
  Outro.tsx        |       0 |      100 |     100 |       0 | 2-99
  ...ultiAgent.tsx |       0 |      100 |     100 |       0 | 2-245
  ...iedSkills.tsx |       0 |      100 |     100 |       0 | 2-195
 ...enes/hackathon |       0 |      100 |     100 |       0 |
  AuthorCreate.tsx |       0 |      100 |     100 |       0 | 2-1575
  ...ndPublish.tsx |       0 |      100 |     100 |       0 | 2-1717
  AuthorEvals.tsx  |       0 |      100 |     100 |       0 | 2-1542
  AuthorFix.tsx    |       0 |      100 |     100 |       0 | 2-671
  ...orPublish.tsx |       0 |      100 |     100 |       0 | 2-1070
  Brand.tsx        |       0 |      100 |     100 |       0 | 2-225
  Browse.tsx       |       0 |      100 |     100 |       0 | 2-1020
  ...Excellent.tsx |       0 |      100 |     100 |       0 | 2-190
  ...ugSurface.tsx |       0 |      100 |     100 |       0 | 2-972
  ...meInstall.tsx |       0 |      100 |     100 |       0 | 2-1352
  ...Installed.tsx |       0 |      100 |     100 |       0 | 2-808
  ...seUpdated.tsx |       0 |      100 |     100 |       0 | 2-464
  ...yncUpdate.tsx |       0 |      100 |     100 |       0 | 2-324
  Hook.tsx         |       0 |      100 |     100 |       0 | 2-1188
  Outro.tsx        |       0 |      100 |     100 |       0 | 2-483
  StudioHeader.tsx |       0 |      100 |     100 |       0 | 2-310
  Update.tsx       |       0 |      100 |     100 |       0 | 2-1231
  ...Highlight.tsx |       0 |      100 |     100 |       0 | 2-59
  script.ts        |       0 |      100 |     100 |       0 | 35-227
  uiTokens.ts      |       0 |      100 |     100 |       0 | 3
 ...cenes/homepage |       0 |      100 |     100 |       0 |
  Block.tsx        |       0 |      100 |     100 |       0 | 2-293
  Find.tsx         |       0 |      100 |     100 |       0 | 2-171
  Hook.tsx         |       0 |      100 |     100 |       0 | 2-124
  Install.tsx      |       0 |      100 |     100 |       0 | 2-296
  Outro.tsx        |       0 |      100 |     100 |       0 | 2-171
  Trust.tsx        |       0 |      100 |     100 |       0 | 2-234
  script.ts        |       0 |      100 |     100 |       0 | 34-104
 .../scenes/studio |   38.09 |    70.17 |   94.11 |   38.09 |
  ...ndPalette.tsx |   95.85 |    57.14 |     100 |   95.85 | 161-170
  ...opePicker.tsx |   83.72 |     92.3 |     100 |   83.72 | 241-277
  ...hToGitHub.tsx |   64.77 |       50 |   66.66 |   64.77 | ...05-290,323-332
  ...oAICreate.tsx |       0 |      100 |     100 |       0 | 2-339
  ...Benchmark.tsx |       0 |      100 |     100 |       0 | 2-369
  ...ioHistory.tsx |       0 |      100 |     100 |       0 | 2-316
  StudioIntro.tsx  |       0 |      100 |     100 |       0 | 2-200
  ...ultiModel.tsx |       0 |      100 |     100 |       0 | 2-345
  StudioOutro.tsx  |       0 |      100 |     100 |       0 | 2-108
  ...TestCases.tsx |       0 |      100 |     100 |       0 | 2-375
  ...sTabIntro.tsx |   95.31 |    58.82 |     100 |   95.31 | ...,89,97-103,141
  UpdateToast.tsx  |    86.8 |    33.33 |     100 |    86.8 | ...38-247,284-304
  script.ts        |     100 |      100 |     100 |     100 |
 ...i-commands-101 |    15.5 |      100 |     100 |    15.5 |
  CliCommands.tsx  |       0 |      100 |     100 |       0 | 2-649
  index.tsx        |       0 |      100 |     100 |       0 | 10-15
  script.ts        |     100 |      100 |     100 |     100 |
 ...ng-started-101 |   36.41 |      100 |     100 |   36.41 |
  ...ngStarted.tsx |       0 |      100 |     100 |       0 | 2-281
  script.ts        |     100 |      100 |     100 |     100 |
 ...arketplace-101 |   98.02 |    85.71 |     100 |   98.02 |
  ...rketplace.tsx |    97.6 |    83.33 |     100 |    97.6 | 91,95-98,430-433
  script.ts        |     100 |      100 |     100 |     100 |
 ...urity-scan-101 |   97.94 |    69.56 |     100 |   97.94 |
  SecurityScan.tsx |    97.4 |       65 |     100 |    97.4 | ...56,312,372-374
  script.ts        |     100 |      100 |     100 |     100 |
 ...nager-overview |   13.06 |      100 |     100 |   13.06 |
  index.tsx        |       0 |      100 |     100 |       0 | 2-1035
  script.ts        |     100 |      100 |     100 |     100 |
 .../test-fixtures |   89.51 |    73.17 |      90 |   89.51 |
  ...h.fixtures.ts |     100 |    71.42 |     100 |     100 | 62,95-97
  ...h.handlers.ts |   82.14 |    74.07 |      80 |   82.14 | ...,93-95,119-127
 ...rm/src/workers |   84.21 |    61.53 |     100 |   84.21 |
  ...g-archiver.ts |   97.01 |     64.7 |     100 |   97.01 | 136-137
  ...tallations.ts |   77.23 |    59.09 |     100 |   77.23 | ...74-176,180-190
-------------------|---------|----------|---------|---------|-------------------
ERROR: Coverage for lines (48.97%) does not meet global threshold (60%)
ERROR: Coverage for statements (48.97%) does not meet global threshold (60%)
