vitest	Vitest	2026-10-07T15:46:45.8543634Z     at new Promise (<anonymous>)
vitest	Vitest	2026-10-07T15:46:45.8545413Z     at runWithTimeout [90m(file:///home/runner/work/vskill-platform/vskill-platform/[39mnode_modules/[4m@vitest/runner[24m/dist/chunk-hooks.js:1863:10[90m)[39m
vitest	Vitest	2026-10-07T15:46:45.8547839Z     at runTest [90m(file:///home/runner/work/vskill-platform/vskill-platform/[39mnode_modules/[4m@vitest/runner[24m/dist/chunk-hooks.js:1574:12[90m)[39m
vitest	Vitest	2026-10-07T15:46:45.8554166Z [90m    at processTicksAndRejections (node:internal/process/task_queues:103:5)[39m
vitest	Vitest	2026-10-07T15:46:45.8556087Z     at runSuite [90m(file:///home/runner/work/vskill-platform/vskill-platform/[39mnode_modules/[4m@vitest/runner[24m/dist/chunk-hooks.js:1729:8[90m)[39m
vitest	Vitest	2026-10-07T15:46:45.8558159Z     at runSuite [90m(file:///home/runner/work/vskill-platform/vskill-platform/[39mnode_modules/[4m@vitest/runner[24m/dist/chunk-hooks.js:1729:8[90m)[39m
vitest	Vitest	2026-10-07T15:46:45.8559197Z
vitest	Vitest	2026-10-07T15:46:48.2342866Z [90mstderr[2m | src/app/api/v1/internal/stats/queue/__tests__/route.test.ts[2m > [22m[2mPOST /api/v1/internal/stats/queue[2m > [22m[2mreturns 500 when KV put throws
vitest	Vitest	2026-10-07T15:46:48.2345117Z [22m[39m[internal/stats/queue] KV put failed: KV unavailable
vitest	Vitest	2026-10-07T15:46:48.2345661Z
vitest	Vitest	2026-10-07T15:46:55.7082040Z [90mstderr[2m | src/app/api/v1/audits/__tests__/route.test.ts[2m > [22m[2mGET /api/v1/audits[2m > [22m[2mreturns 500 on database error
vitest	Vitest	2026-10-07T15:46:55.7083924Z [22m[39mGET /api/v1/audits error: Error: DB error
vitest	Vitest	2026-10-07T15:46:55.7085896Z     at [90m/home/runner/work/vskill-platform/vskill-platform/[39msrc/app/api/v1/audits/__tests__/route.test.ts:203:40
vitest	Vitest	2026-10-07T15:46:55.7088249Z     at [90mfile:///home/runner/work/vskill-platform/vskill-platform/[39mnode_modules/[4m@vitest/runner[24m/dist/chunk-hooks.js:155:11
vitest	Vitest	2026-10-07T15:46:55.7091058Z     at [90mfile:///home/runner/work/vskill-platform/vskill-platform/[39mnode_modules/[4m@vitest/runner[24m/dist/chunk-hooks.js:752:26
vitest	Vitest	2026-10-07T15:46:55.7093475Z     at [90mfile:///home/runner/work/vskill-platform/vskill-platform/[39mnode_modules/[4m@vitest/runner[24m/dist/chunk-hooks.js:1897:20
vitest	Vitest	2026-10-07T15:46:55.7094822Z     at new Promise (<anonymous>)
vitest	Vitest	2026-10-07T15:46:55.7096666Z     at runWithTimeout [90m(file:///home/runner/work/vskill-platform/vskill-platform/[39mnode_modules/[4m@vitest/runner[24m/dist/chunk-hooks.js:1863:10[90m)[39m
vitest	Vitest	2026-10-07T15:46:55.7099516Z     at runTest [90m(file:///home/runner/work/vskill-platform/vskill-platform/[39mnode_modules/[4m@vitest/runner[24m/dist/chunk-hooks.js:1574:12[90m)[39m
vitest	Vitest	2026-10-07T15:46:55.7102003Z [90m    at processTicksAndRejections (node:internal/process/task_queues:103:5)[39m
vitest	Vitest	2026-10-07T15:46:55.7104179Z     at runSuite [90m(file:///home/runner/work/vskill-platform/vskill-platform/[39mnode_modules/[4m@vitest/runner[24m/dist/chunk-hooks.js:1729:8[90m)[39m
vitest	Vitest	2026-10-07T15:46:55.7107255Z     at runSuite [90m(file:///home/runner/work/vskill-platform/vskill-platform/[39mnode_modules/[4m@vitest/runner[24m/dist/chunk-hooks.js:1729:8[90m)[39m
vitest	Vitest	2026-10-07T15:46:55.7108561Z
vitest	Vitest	2026-10-07T15:47:03.7221633Z [90mstderr[2m | src/app/api/v1/internal/pending-sast-scans/__tests__/route.test.ts[2m > [22m[2mGET /api/v1/internal/pending-sast-scans[2m > [22m[2mreturns empty array on DB error
vitest	Vitest	2026-10-07T15:47:03.7224366Z [22m[39m[pending-sast-scans] DB error: connection failed
vitest	Vitest	2026-10-07T15:47:03.7225469Z
vitest	Vitest	2026-10-07T15:47:18.5985905Z [90mstderr[2m | src/app/api/v1/skills/__tests__/route.test.ts[2m > [22m[2mGET /api/v1/skills[2m > [22m[2mreturns 500 when getSkills throws
vitest	Vitest	2026-10-07T15:47:18.5993869Z [22m[39mGET /api/v1/skills error: Error: DB down
vitest	Vitest	2026-10-07T15:47:18.5995663Z     at [90m/home/runner/work/vskill-platform/vskill-platform/[39msrc/app/api/v1/skills/__tests__/route.test.ts:138:41
vitest	Vitest	2026-10-07T15:47:18.5998008Z     at [90mfile:///home/runner/work/vskill-platform/vskill-platform/[39mnode_modules/[4m@vitest/runner[24m/dist/chunk-hooks.js:155:11
vitest	Vitest	2026-10-07T15:47:18.6000406Z     at [90mfile:///home/runner/work/vskill-platform/vskill-platform/[39mnode_modules/[4m@vitest/runner[24m/dist/chunk-hooks.js:752:26
vitest	Vitest	2026-10-07T15:47:18.6003048Z     at [90mfile:///home/runner/work/vskill-platform/vskill-platform/[39mnode_modules/[4m@vitest/runner[24m/dist/chunk-hooks.js:1897:20
vitest	Vitest	2026-10-07T15:47:18.6004616Z     at new Promise (<anonymous>)
vitest	Vitest	2026-10-07T15:47:18.6006582Z     at runWithTimeout [90m(file:///home/runner/work/vskill-platform/vskill-platform/[39mnode_modules/[4m@vitest/runner[24m/dist/chunk-hooks.js:1863:10[90m)[39m
vitest	Vitest	2026-10-07T15:47:18.6009290Z     at runTest [90m(file:///home/runner/work/vskill-platform/vskill-platform/[39mnode_modules/[4m@vitest/runner[24m/dist/chunk-hooks.js:1574:12[90m)[39m
vitest	Vitest	2026-10-07T15:47:18.6011788Z [90m    at processTicksAndRejections (node:internal/process/task_queues:103:5)[39m
vitest	Vitest	2026-10-07T15:47:18.6014011Z     at runSuite [90m(file:///home/runner/work/vskill-platform/vskill-platform/[39mnode_modules/[4m@vitest/runner[24m/dist/chunk-hooks.js:1729:8[90m)[39m
vitest	Vitest	2026-10-07T15:47:18.6018445Z     at runSuite [90m(file:///home/runner/work/vskill-platform/vskill-platform/[39mnode_modules/[4m@vitest/runner[24m/dist/chunk-hooks.js:1729:8[90m)[39m
vitest	Vitest	2026-10-07T15:47:18.6019931Z
vitest	Vitest	2026-10-07T15:47:21.4276653Z [90mstderr[2m | src/app/skills/[owner]/[repo]/[skill]/__tests__/rejected-skill-view.test.tsx[2m > [22m[2mRejectedSkillView[2m > [22m[2mTC-004: renders rejection reason when provided
vitest	Vitest	2026-10-07T15:47:21.4281785Z [22m[39mReact does not recognize the `fallbackHref` prop on a DOM element. If you intentionally want it to appear in the DOM as a custom attribute, spell it as lowercase `fallbackhref` instead. If you accidentally passed it from a parent component, remove it from the DOM element.
vitest	Vitest	2026-10-07T15:47:21.4284124Z
vitest	Vitest	2026-10-07T15:47:29.7708574Z [33m[39m[32m·[39m[33m[39m[32m·[39m[33m[39m[32m·[39m[33m[39m[32m·[39m[33m[39m[32m·[39m[33m[39m[32m·[39m[33m[39m[32m·[39m[33m[39m[32m·[39m[33m[39m[32m·[39m[33m[39m[32m·[39m[33m[39m[32m·[39m[33m[39m[32m·[39m[33m[39m[32m·[39m[33m[39m[32m·[39m[33m[39m[32m·[39m[33m[39m[32m·[39m[33m[39m[32m·[39m[33m[39m[32m·[39m[33m[39m[32m·[39m[33m[39m[32m·[39m[33m[39m[32m·[39m[33m[39m[32m·[39m[33m[39m[32m·[39m[33m[39m[32m·[39m[33m[39m[32m·[39m[33m[39m[32m·[39m[33m[39m[32m·[39m[33m[39m[32m·[39m[33m[39m[32m·[39m[33m[39m[32m·[39m[33m[39m[32m·[39m[33m[39m[32m·[39m[33m[39m[32m·[39m[33m[39m[32m·[39m[33m[39m[32m·[39m[33m[39m[32m·[39m[33m[39m[32m·[39m[33m[39m[32m·[39m[33m[39m[32m·[39m[33m[39m[32m·[39m[33m[39m[32m·[39m[33m[39m[32m·[39m[33m[39m[32m·[39m[33m[39m[32m·[39m[33m[39m[32m·[39m[33m[39m[32m·[39m[33m[39m[32m·[39m[33m[39m[32m·[39m[33m[39m[32m·[39m[33m[39m[32m·[39m[33m[39m[32m·[39m[33m[39m[32m·[39m[33m[39m[32m·[39m[33m[39m[32m·[39m[33m[39m[32m·[39m[33m[39m[32m·[39m[33m[39m[32m·[39m[33m[39m[32m·[39m[33m[39m[32m·[39m[33m[39m[32m·[39m[33m[39m[32m·[39m[33m[39m[32m·[39m[33m[39m[32m·[39m[33m[39m[32m·[39m[33m[39m[32m·[39m[33m[39m[32m·[39m[33m[39m[32m·[39m[33m[39m[32m·[39m[33m[39m[32m·[39m[33m[39m[32m·[39m[33m[39m[32m·[39m[33m[39m[32m·[39m[33m[39m[32m·[39m[33m[39m[32m·[39m[33m[39m[32m·[39m[33m[39m[32m·[39m[33m[39m[32m·[39m[33m[39m[32m·[39m[33m[39m[32m·[39m[33m[39m[32m·[39m[33m[39m[32m·[39m[33m[39m[32m·[39m[33m[39m[32m·[39m[33m[39m[32m·[39m[33m[39m[32m·[39m[33m[39m[32m·[39m[33m[39m[32m·[39m[33m[39m[32m·[39m[33m[39m[32m·[39m[33m[39m[32m·[39m[33m[39m[32m·[39m[33m[39m[32m·[39m[33m[39m[32m·[39m[33m[39m[32m·[39m[33m[39m[32m·[39m[33m[39m[32m·[39m[33m[39m[32m·[39m[33m[39m[32m·[39m[33m[39m[32m·[39m[33m[39m[32m·[39m[33m[39m[32m·[39m[33m[39m[32m·[39m[33m[39m[32m·[39m[33m[39m[32m·[39m[33m[39m[32m·[39m[33m[39m[32m·[39m[33m[39m[32m·[39m[33m[39m[32m·[39m[33m[39m[32m·[39m[33m[39m[32m·[39m[33m[39m[32m·[39m[33m[39m[32m·[39m[33m[39m[32m·[39m[33m[39m[32m·[39m[33m[39m[32m·[39m[33m[39m[32m·[39m[33m[39m[32m·[39m[33m[39m[32m·[39m[33m[39m[32m·[39m[33m[39m[32m·[39m[33m[39m[32m·[39m[33m[39m[32m·[39m[33m[39m[32m·[39m[33m[39m[32m·[39m[33m[39m[32m·[39m[33m[39m[32m·[39m[33m[39m[32m·[39m[33m[39m[32m·[39m[33m[39m[32m·[39m[33m[39m[32m·[39m[33m[39m[32m·[39m[33m[39m[32m·[39m[33m[39m[32m·[39m[33m[39m[32m·[39m[33m[39m[32m·[39m[33m[39m[32m·[39m[33m[39m[32m·[39m[33m[39m[32m·[39m[33m[39m[32m·[39m[33m[39m[32m·[39m[33m[39m[32m·[39m[33m[39m[32m·[39m[33m[39m[32m·[39m[33m[39m[32m·[39m[33m[39m[32m·[39m[33m[39m[32m·[39m[33m[39m[32m·[39m[33m[39m[32m·[39m[33m[39m[32m·[39m[33m[39m[32m·[39m[33m[39m[32m·[39m[33m[39m[32m·[39m[33m[39m[32m·[39m[33m[39m[32m·[39m[33m[39m[32m·[39m[33m[39m[32m·[39m[33m[39m[32m·[39m[33m[39m[32m·[39m[33m[39m[32m·[39m[33m[39m[32m·[39m[33m[39m[32m·[39m[33m[39m[32m·[39m[33m[39m[32m·[39m[33m[39m[32m·[39m[33m[39m[32m·[39m[33m[39m[32m·[39m[33m[39m[32m·[39m[33m[39m[32m·[39m[33m[39m[32m·[39m[33m[39m[32m·[39m[33m[39m[32m·[39m[33m[39m[32m·[39m[33m[39m[32m·[39m[33m[39m[32m·[39m[33m[39m[32m·[39m[33m[39m[32m·[39m[33m[39m[32m·[39m[33m[39m[32m·[39m[33m[39m[32m·[39m[33m[39m[32m·[39m[33m[39m[32m·[39m[33m[39m[32m·[39m[33m[39m[32m·[39m[33m[39m[32m·[39m[33m[39m[32m·[39m[33m[39m[32m·[39m[33m[39m[32m·[39m[33m[39m[32m·[39m[33m[39m[32m·[39m[33m[39m[32m·[39m[33m[39m[32m·[39m[33m[39m[32m·[39m[33m[39m[32m·[39m[33m[39m[32m·[39m[33m[39m[32m·[39m[33m[39m[32m·[39m[33m[39m[32m·[39m[33m[39m[32m·[39m[33m[39m[32m·[39m[33m[39m[32m·[39m[33m[39m[32m·[39m[33m[39m[32m·[39m[33m[39m[32m·[39m[33m[39m[32m·[39m[33m[39m[32m·[39m[33m[39m[32m·[39m[33m[39m[32m·[39m[33m[39m[32m·[39m[33m[39m[32m·[39m[33m[39m[32m·[39m[33m[39m[32m·[39m[33m[39m[32m·[39m[33m[39m[32m·[39m[33m[39m[32m·[39m[33m[39m[32m·[39m[33m[39m[32m·[39m[33m[39m[32m·[39m[33m[39m[32m·[39m[33m[39m[32m·[39m[33m[39m[32m·[39m[33m[39m[32m·[39m[33m[39m[32m·[39m[33m[39m[32m·[39m[33m[39m[32m·[39m[33m[39m[32m·[39m[33m[39m[32m·[39m[33m[39m[32m·[39m[33m[39m[32m·[39m[33m[39m[32m·[39m[33m[39m[32m·[39m[33m[39m[32m·[39m[33m[39m[32m·[39m[33m[39m[32m·[39m[33m[39m[32m·[39m[33m[39m[32m·[39m[33m[39m[32m·[39m[33m[39m[32m·[39m[33m[39m[32m·[39m[33m[39m[32m·[39m[33m[39m[32m·[39m[33m[39m[32m·[39m[33m[39m[32m·[39m[33m[39m[32m·[39m[33m[39m[32m·[39m[33m[39m[32m·[39m[33m[39m[32m·[39m[33m[39m[32m·[39m[33m[39m[32m·[39m[33m[39m[32m·[39m[33m[39m[32m·[39m[33m[39m[32m·[39m[33m[39m[32m·[39m[33m[39m[32m·[39m[33m[39m[32m·[39m[33m[39m[32m·[39m[33m[39m[32m·[39m[33m[39m[32m·[39m[33m[39m[32m·[39m[33m[39m[32m·[39m[33m[39m[32m·[39m[33m[39m[32m·[39m[33m[39m[32m·[39m[33m[39m[32m·[39m[33m[39m[32m·[39m[33m[39m[32m·[39m[33m[39m[32m·[39m[33m[39m[32m·[39m[33m[39m[32m·[39m[33m[39m[32m·[39m[33m[39m[32m·[39m[33m[39m[32m·[39m[33m[39m[32m·[39m[33m[39m[32m·[39m[33m[39m[32m·[39m[33m[39m[32m·[39m[33m[39m[32m·[39m[33m[39m[32m·[39m[33m[39m[32m·[39m[33m[39m[32m·[39m[33m[39m[32m·[39m[33m[39m[32m·[39m[33m[39m[32m·[39m[33m[39m[32m·[39m[33m[39m[32m·[39m[33m[39m[32m·[39m[33m[39m[32m·[39m[33m[39m[32m·[39m[33m[39m[32m·[39m[33m[39m[32m·[39m[33m[39m[32m·[39m[33m[39m[32m·[39m[33m[39m[32m·[39m[33m[39m[32m·[39m[33m[39m[32m·[39m[33m[39m[32m·[39m[33m[39m[32m·[39m[33m[39m[32m·[39m[33m[39m[32m·[39m[33m[39m[32m·[39m[33m[39m[32m·[39m[33m[39m[32m·[39m[33m[39m[32m·[39m[33m[39m[32m·[39m[33m[39m[32m·[39m[33m[39m[32m·[39m[33m[39m[32m·[39m[33m[39m[32m·[39m[33m[39m[32m·[39m[33m[39m[32m·[39m[33m[39m[32m·[39m[33m[39m[32m·[39m[33m[39m[32m·[39m[33m[39m[32m·[39m[33m[39m[32m·[39m[33m[39m[32m·[39m[33m[39m[32m·[39m[33m[39m[32m·[39m[33m[39m[32m·[39m[33m[39m[32m·[39m[33m[39m[32m·[39m[33m[39m[32m·[39m[33m[39m[32m·[39m[33m[39m[32m·[39m[33m[39m[32m·[39m[33m[39m[32m·[39m[33m[39m[32m·[39m[33m[39m[32m·[39m[33m[39m[32m·[39m[33m[39m[32m·[39m[33m[39m[32m·[39m[33m[39m[32m·[39m[33m[39m[32m·[39m[33m[39m[32m·[39m[33m[39m[32m·[39m[33m[39m[32m·[39m[33m[39m[32m·[39m[33m[39m[32m·[39m[33m[39m[32m·[39m[33m[39m[32m·[39m[33m[39m[32m·[39m[33m[39m[32m·[39m[33m[39m[32m·[39m[33m[39m[32m·[39m[33m[39m[32m·[39m[33m[39m[32m·[39m[33m[39m[32m·[39m[33m[39m[32m·[39m[33m[39m[32m·[39m[33m[39m[32m·[39m[33m[39m[32m·[39m[33m[39m[32m·[39m[33m[39m[32m·[39m[33m[39m[32m·[39m[33m[39m[32m·[39m[33m[39m[32m·[39m[33m[39m[32m·[39m[33m[39m[32m·[39m[33m[39m[32m·[39m[33m[39m[32m·[39m[33m[39m[32m·[39m[33m[39m[32m·[39m[33m[39m[32m·[39m[33m[39m[32m·[39m[33m[39m[32m·[39m[33m[39m[32m·[39m[33m[39m[32m·[39m[33m[39m[32m·[39m[33m[39m[32m·[39m[33m[39m[32m·[39m[33m[39m[32m·[39m[33m[39m[32m·[39m[33m[39m[32m·[39m[33m[39m[32m·[39m[33m[39m[32m·[39m[33m[39m[32m·[39m[33m[39m[32m·[39m[33m[39m[32m·[39m[33m[39m[32m·[39m[33m[39m[32m·[39m[33m[39m[32m·[39m[33m[39m[32m·[39m[33m[39m[32m·[39m[33m[39m[32m·[39m[33m[39m[32m·[39m[33m[39m[32m·[39m[33m[39m[32m·[39m[33m[39m[32m·[39m[33m[39m[32m·[39m[33m[39m[32m·[39m[33m[39m[32m·[39m[33m[39m[32m·[39m[33m[39m[32m·[39m[33m[39m[32m·[39m[33m[39m[32m·[39m[33m[39m[32m·[39m[33m[39m[32m·[39m[33m[39m[32m·[39m[33m[39m[32m·[39m[33m[39m[32m·[39m[33m[39m[32m·[39m[33m[39m[32m·[39m[33m[39m[32m·[39m[33m[39m[32m·[39m[90mstdout[2m | src/app/api/v1/skills/__tests__/check-source.waitUntil.test.ts[2m > [22m[2mGET /api/v1/skills/check-source — waitUntil deprecation pipeline[2m > [22m[2mthreads deprecateStaleSkill through ctx.waitUntil and writes isDeprecated:true to DB on 404
vitest	Vitest	2026-10-07T15:47:29.7758931Z [22m[39m[check-source] Auto-deprecated owner/repo/skill
vitest	Vitest	2026-10-07T15:47:29.7759432Z
vitest	Vitest	2026-10-07T15:47:29.7793360Z [90mstdout[2m | src/app/api/v1/skills/__tests__/check-source.waitUntil.test.ts[2m > [22m[2mGET /api/v1/skills/check-source — waitUntil deprecation pipeline[2m > [22m[2mfalls through to inline await when no Cloudflare context is available (local dev)
vitest	Vitest	2026-10-07T15:47:29.7805532Z [22m[39m[check-source] Auto-deprecated owner/repo/skill
vitest	Vitest	2026-10-07T15:47:29.7806071Z
vitest	Vitest	2026-10-07T15:47:42.5024328Z [90mstderr[2m | src/app/skills/[owner]/[repo]/[skill]/__tests__/page.external-scans-resilience.test.tsx[2m > [22m[2mSkillDetailPage external scan resilience[2m > [22m[2mrenders qmetry when external scan KV lookup fails
vitest	Vitest	2026-10-07T15:47:42.5028196Z [22m[39m[SkillDetailPage] external scans unavailable: EXTERNAL_SCANS_KV unavailable: not in worker or Next.js request context
vitest	Vitest	2026-10-07T15:47:42.5029555Z
vitest	Vitest	2026-10-07T15:47:54.4516075Z [90mstderr[2m | src/app/api/v1/blocklist/__tests__/route.test.ts[2m > [22m[2mGET /api/v1/blocklist[2m > [22m[2mreturns 503 on database error (both DB and KV fail)
vitest	Vitest	2026-10-07T15:47:54.4521373Z [22m[39mGET /api/v1/blocklist DB failed, trying KV fallback: DB connection failed
vitest	Vitest	2026-10-07T15:47:54.4522378Z
vitest	Vitest	2026-10-07T15:47:54.4524136Z [90mstderr[2m | src/app/api/v1/blocklist/__tests__/route.test.ts[2m > [22m[2mGET /api/v1/blocklist[2m > [22m[2mreturns 503 on database error (both DB and KV fail)
vitest	Vitest	2026-10-07T15:47:54.4526103Z [22m[39mGET /api/v1/blocklist KV fallback also failed:
vitest	Vitest	2026-10-07T15:47:54.4526809Z
vitest	Vitest	2026-10-07T15:47:54.4528013Z ERROR: `getCloudflareContext` has been called without having called `initOpenNextCloudflareForDev` from the Next.js config file.
vitest	Vitest	2026-10-07T15:47:54.4531393Z You should update your Next.js config file as shown below:
vitest	Vitest	2026-10-07T15:47:54.4532131Z
vitest	Vitest	2026-10-07T15:47:54.4532521Z    ```
vitest	Vitest	2026-10-07T15:47:54.4533191Z    // next.config.mjs
vitest	Vitest	2026-10-07T15:47:54.4533704Z
vitest	Vitest	2026-10-07T15:47:54.4534352Z    import { initOpenNextCloudflareForDev } from "@opennextjs/cloudflare";
vitest	Vitest	2026-10-07T15:47:54.4535076Z
vitest	Vitest	2026-10-07T15:47:54.4535474Z    initOpenNextCloudflareForDev();
vitest	Vitest	2026-10-07T15:47:54.4535964Z
vitest	Vitest	2026-10-07T15:47:54.4536320Z    const nextConfig = { ... };
vitest	Vitest	2026-10-07T15:47:54.4541034Z    export default nextConfig;
vitest	Vitest	2026-10-07T15:47:54.4545272Z    ```
vitest	Vitest	2026-10-07T15:47:54.4545635Z
vitest	Vitest	2026-10-07T15:47:54.4545655Z
vitest	Vitest	2026-10-07T15:47:54.4545693Z
vitest	Vitest	2026-10-07T15:47:58.9413200Z [90mstderr[2m | src/app/api/v1/auth/login/__tests__/route.test.ts[2m > [22m[2mPOST /api/v1/auth/login (T-024)[2m > [22m[2mreturns 500 when DB throws
vitest	Vitest	2026-10-07T15:47:58.9415446Z [22m[39mPOST /api/v1/auth/login error: Error: DB down
vitest	Vitest	2026-10-07T15:47:58.9416904Z     at [90m/home/runner/work/vskill-platform/vskill-platform/[39msrc/app/api/v1/auth/login/__tests__/route.test.ts:139:51
vitest	Vitest	2026-10-07T15:47:58.9418939Z     at [90mfile:///home/runner/work/vskill-platform/vskill-platform/[39mnode_modules/[4m@vitest/runner[24m/dist/chunk-hooks.js:155:11
vitest	Vitest	2026-10-07T15:47:58.9421320Z     at [90mfile:///home/runner/work/vskill-platform/vskill-platform/[39mnode_modules/[4m@vitest/runner[24m/dist/chunk-hooks.js:752:26
vitest	Vitest	2026-10-07T15:47:58.9423250Z     at [90mfile:///home/runner/work/vskill-platform/vskill-platform/[39mnode_modules/[4m@vitest/runner[24m/dist/chunk-hooks.js:1897:20
vitest	Vitest	2026-10-07T15:47:58.9424327Z     at new Promise (<anonymous>)
vitest	Vitest	2026-10-07T15:47:58.9426233Z     at runWithTimeout [90m(file:///home/runner/work/vskill-platform/vskill-platform/[39mnode_modules/[4m@vitest/runner[24m/dist/chunk-hooks.js:1863:10[90m)[39m
vitest	Vitest	2026-10-07T15:47:58.9428511Z     at runTest [90m(file:///home/runner/work/vskill-platform/vskill-platform/[39mnode_modules/[4m@vitest/runner[24m/dist/chunk-hooks.js:1574:12[90m)[39m
vitest	Vitest	2026-10-07T15:47:58.9431025Z     at runSuite [90m(file:///home/runner/work/vskill-platform/vskill-platform/[39mnode_modules/[4m@vitest/runner[24m/dist/chunk-hooks.js:1729:8[90m)[39m
vitest	Vitest	2026-10-07T15:47:58.9433553Z     at runSuite [90m(file:///home/runner/work/vskill-platform/vskill-platform/[39mnode_modules/[4m@vitest/runner[24m/dist/chunk-hooks.js:1729:8[90m)[39m
vitest	Vitest	2026-10-07T15:47:58.9436173Z     at runFiles [90m(file:///home/runner/work/vskill-platform/vskill-platform/[39mnode_modules/[4m@vitest/runner[24m/dist/chunk-hooks.js:1787:3[90m)[39m
vitest	Vitest	2026-10-07T15:47:58.9437547Z
vitest	Vitest	2026-10-07T15:48:15.0054971Z [90mstderr[2m | src/app/api/v1/internal/reconciler/ensure/__tests__/route.test.ts[2m > [22m[2mPOST /api/v1/internal/reconciler/ensure — DO routing (AC-US2-04)[2m > [22m[2mDO unreachable -> 502 with typed error
vitest	Vitest	2026-10-07T15:48:15.0058594Z [22m[39m[reconciler-ensure] DO forward failed Error: network down
vitest	Vitest	2026-10-07T15:48:15.0060947Z     at [90m/home/runner/work/vskill-platform/vskill-platform/[39msrc/app/api/v1/internal/reconciler/ensure/__tests__/route.test.ts:114:35
vitest	Vitest	2026-10-07T15:48:15.0063683Z     at [90mfile:///home/runner/work/vskill-platform/vskill-platform/[39mnode_modules/[4m@vitest/runner[24m/dist/chunk-hooks.js:155:11
vitest	Vitest	2026-10-07T15:48:15.0067685Z     at [90mfile:///home/runner/work/vskill-platform/vskill-platform/[39mnode_modules/[4m@vitest/runner[24m/dist/chunk-hooks.js:752:26
vitest	Vitest	2026-10-07T15:48:15.0070003Z     at [90mfile:///home/runner/work/vskill-platform/vskill-platform/[39mnode_modules/[4m@vitest/runner[24m/dist/chunk-hooks.js:1897:20
vitest	Vitest	2026-10-07T15:48:15.0079164Z     at new Promise (<anonymous>)
vitest	Vitest	2026-10-07T15:48:15.0082604Z     at runWithTimeout [90m(file:///home/runner/work/vskill-platform/vskill-platform/[39mnode_modules/[4m@vitest/runner[24m/dist/chunk-hooks.js:1863:10[90m)[39m
vitest	Vitest	2026-10-07T15:48:15.0083972Z     at runTest [90m(file:///home/runner/work/vskill-platform/vskill-platform/[39mnode_modules/[4m@vitest/runner[24m/dist/chunk-hooks.js:1574:12[90m)[39m
vitest	Vitest	2026-10-07T15:48:15.0084985Z [90m    at processTicksAndRejections (node:internal/process/task_queues:103:5)[39m
vitest	Vitest	2026-10-07T15:48:15.0086019Z     at runSuite [90m(file:///home/runner/work/vskill-platform/vskill-platform/[39mnode_modules/[4m@vitest/runner[24m/dist/chunk-hooks.js:1729:8[90m)[39m
vitest	Vitest	2026-10-07T15:48:15.0087248Z     at runSuite [90m(file:///home/runner/work/vskill-platform/vskill-platform/[39mnode_modules/[4m@vitest/runner[24m/dist/chunk-hooks.js:1729:8[90m)[39m
vitest	Vitest	2026-10-07T15:48:15.0088033Z
vitest	Vitest	2026-10-07T15:48:26.0823969Z [90mstderr[2m | src/app/api/v1/admin/submissions/[id]/__tests__/route.blocklist.test.ts[2m > [22m[2mPATCH /api/v1/admin/submissions/:id/reject — blocklist opt-in[2m > [22m[2mreject with addToBlocklist creates blocklist entry
vitest	Vitest	2026-10-07T15:48:26.0827788Z [22m[39m[synthetic-scan-result] write failed for sub-1: Error: SUBMISSIONS_KV unavailable: not in worker or Next.js request context
vitest	Vitest	2026-10-07T15:48:26.0831122Z     at getKV [90m(/home/runner/work/vskill-platform/vskill-platform/[39msrc/lib/submission/kv-store.ts:42:11[90m)[39m
vitest	Vitest	2026-10-07T15:48:26.0833236Z [90m    at processTicksAndRejections (node:internal/process/task_queues:103:5)[39m
vitest	Vitest	2026-10-07T15:48:26.0835189Z     at storeScanResult [90m(/home/runner/work/vskill-platform/vskill-platform/[39msrc/lib/submission/kv-store.ts:286:14[90m)[39m
vitest	Vitest	2026-10-07T15:48:26.0837581Z     at writeSyntheticScanResult [90m(/home/runner/work/vskill-platform/vskill-platform/[39msrc/lib/submission/synthetic-scan-result.ts:130:5[90m)[39m
vitest	Vitest	2026-10-07T15:48:26.0840175Z     at Module.PATCH [90m(/home/runner/work/vskill-platform/vskill-platform/[39msrc/app/api/v1/admin/submissions/[id]/reject/route.ts:87:7[90m)[39m
vitest	Vitest	2026-10-07T15:48:26.0843458Z     at [90m/home/runner/work/vskill-platform/vskill-platform/[39msrc/app/api/v1/admin/submissions/[id]/__tests__/route.blocklist.test.ts:72:17
vitest	Vitest	2026-10-07T15:48:26.0845938Z     at [90mfile:///home/runner/work/vskill-platform/vskill-platform/[39mnode_modules/[4m@vitest/runner[24m/dist/chunk-hooks.js:752:20
vitest	Vitest	2026-10-07T15:48:26.0847112Z
vitest	Vitest	2026-10-07T15:48:26.0924097Z [90mstderr[2m | src/app/api/v1/admin/submissions/[id]/__tests__/route.blocklist.test.ts[2m > [22m[2mPATCH /api/v1/admin/submissions/:id/reject — blocklist opt-in[2m > [22m[2mreject without addToBlocklist does NOT create blocklist entry
vitest	Vitest	2026-10-07T15:48:26.0942093Z [22m[39m[synthetic-scan-result] write failed for sub-1: Error: SUBMISSIONS_KV unavailable: not in worker or Next.js request context
vitest	Vitest	2026-10-07T15:48:26.0950030Z     at getKV [90m(/home/runner/work/vskill-platform/vskill-platform/[39msrc/lib/submission/kv-store.ts:42:11[90m)[39m
vitest	Vitest	2026-10-07T15:48:26.0952314Z [90m    at processTicksAndRejections (node:internal/process/task_queues:103:5)[39m
vitest	Vitest	2026-10-07T15:48:26.0954318Z     at storeScanResult [90m(/home/runner/work/vskill-platform/vskill-platform/[39msrc/lib/submission/kv-store.ts:286:14[90m)[39m
vitest	Vitest	2026-10-07T15:48:26.0956721Z     at writeSyntheticScanResult [90m(/home/runner/work/vskill-platform/vskill-platform/[39msrc/lib/submission/synthetic-scan-result.ts:130:5[90m)[39m
vitest	Vitest	2026-10-07T15:48:26.0959219Z     at Module.PATCH [90m(/home/runner/work/vskill-platform/vskill-platform/[39msrc/app/api/v1/admin/submissions/[id]/reject/route.ts:87:7[90m)[39m
vitest	Vitest	2026-10-07T15:48:26.0968110Z     at [90m/home/runner/work/vskill-platform/vskill-platform/[39msrc/app/api/v1/admin/submissions/[id]/__tests__/route.blocklist.test.ts:93:17
vitest	Vitest	2026-10-07T15:48:26.0970466Z     at [90mfile:///home/runner/work/vskill-platform/vskill-platform/[39mnode_modules/[4m@vitest/runner[24m/dist/chunk-hooks.js:752:20
vitest	Vitest	2026-10-07T15:48:26.0972111Z
vitest	Vitest	2026-10-07T15:48:26.1003963Z [90mstderr[2m | src/app/api/v1/admin/submissions/[id]/__tests__/route.blocklist.test.ts[2m > [22m[2mPATCH /api/v1/admin/submissions/:id/reject — blocklist opt-in[2m > [22m[2mreject succeeds even if blocklist upsert throws
vitest	Vitest	2026-10-07T15:48:26.1007266Z [22m[39m[synthetic-scan-result] write failed for sub-1: Error: SUBMISSIONS_KV unavailable: not in worker or Next.js request context
vitest	Vitest	2026-10-07T15:48:26.1013925Z     at getKV [90m(/home/runner/work/vskill-platform/vskill-platform/[39msrc/lib/submission/kv-store.ts:42:11[90m)[39m
vitest	Vitest	2026-10-07T15:48:26.1015878Z [90m    at processTicksAndRejections (node:internal/process/task_queues:103:5)[39m
vitest	Vitest	2026-10-07T15:48:26.1017831Z     at storeScanResult [90m(/home/runner/work/vskill-platform/vskill-platform/[39msrc/lib/submission/kv-store.ts:286:14[90m)[39m
vitest	Vitest	2026-10-07T15:48:26.1020343Z     at writeSyntheticScanResult [90m(/home/runner/work/vskill-platform/vskill-platform/[39msrc/lib/submission/synthetic-scan-result.ts:130:5[90m)[39m
vitest	Vitest	2026-10-07T15:48:26.1023445Z     at Module.PATCH [90m(/home/runner/work/vskill-platform/vskill-platform/[39msrc/app/api/v1/admin/submissions/[id]/reject/route.ts:87:7[90m)[39m
vitest	Vitest	2026-10-07T15:48:26.1026008Z     at [90m/home/runner/work/vskill-platform/vskill-platform/[39msrc/app/api/v1/admin/submissions/[id]/__tests__/route.blocklist.test.ts:111:17
vitest	Vitest	2026-10-07T15:48:26.1029007Z     at [90mfile:///home/runner/work/vskill-platform/vskill-platform/[39mnode_modules/[4m@vitest/runner[24m/dist/chunk-hooks.js:752:20
vitest	Vitest	2026-10-07T15:48:26.1030343Z
vitest	Vitest	2026-10-07T15:48:26.1032904Z [90mstderr[2m | src/app/api/v1/admin/submissions/[id]/__tests__/route.blocklist.test.ts[2m > [22m[2mPATCH /api/v1/admin/submissions/:id/reject — blocklist opt-in[2m > [22m[2mreject succeeds even if blocklist upsert throws
vitest	Vitest	2026-10-07T15:48:26.1035376Z [22m[39mBlocklist upsert failed during admin reject: Error: DB error
vitest	Vitest	2026-10-07T15:48:26.1037382Z     at [90m/home/runner/work/vskill-platform/vskill-platform/[39msrc/app/api/v1/admin/submissions/[id]/__tests__/route.blocklist.test.ts:102:48
vitest	Vitest	2026-10-07T15:48:26.1040200Z     at [90mfile:///home/runner/work/vskill-platform/vskill-platform/[39mnode_modules/[4m@vitest/runner[24m/dist/chunk-hooks.js:155:11
vitest	Vitest	2026-10-07T15:48:26.1042904Z     at [90mfile:///home/runner/work/vskill-platform/vskill-platform/[39mnode_modules/[4m@vitest/runner[24m/dist/chunk-hooks.js:752:26
vitest	Vitest	2026-10-07T15:48:26.1045357Z     at [90mfile:///home/runner/work/vskill-platform/vskill-platform/[39mnode_modules/[4m@vitest/runner[24m/dist/chunk-hooks.js:1897:20
vitest	Vitest	2026-10-07T15:48:26.1046844Z     at new Promise (<anonymous>)
vitest	Vitest	2026-10-07T15:48:26.1048675Z     at runWithTimeout [90m(file:///home/runner/work/vskill-platform/vskill-platform/[39mnode_modules/[4m@vitest/runner[24m/dist/chunk-hooks.js:1863:10[90m)[39m
vitest	Vitest	2026-10-07T15:48:26.1051535Z     at runTest [90m(file:///home/runner/work/vskill-platform/vskill-platform/[39mnode_modules/[4m@vitest/runner[24m/dist/chunk-hooks.js:1574:12[90m)[39m
vitest	Vitest	2026-10-07T15:48:26.1053666Z [90m    at processTicksAndRejections (node:internal/process/task_queues:103:5)[39m
vitest	Vitest	2026-10-07T15:48:26.1055809Z     at runSuite [90m(file:///home/runner/work/vskill-platform/vskill-platform/[39mnode_modules/[4m@vitest/runner[24m/dist/chunk-hooks.js:1729:8[90m)[39m
vitest	Vitest	2026-10-07T15:48:26.1058305Z     at runSuite [90m(file:///home/runner/work/vskill-platform/vskill-platform/[39mnode_modules/[4m@vitest/runner[24m/dist/chunk-hooks.js:1729:8[90m)[39m
vitest	Vitest	2026-10-07T15:48:26.1059561Z
vitest	Vitest	2026-10-07T15:48:26.1095173Z [90mstderr[2m | src/app/api/v1/admin/submissions/[id]/__tests__/route.blocklist.test.ts[2m > [22m[2mPATCH /api/v1/admin/submissions/:id/reject — blocklist opt-in[2m > [22m[2mreject with addToBlocklist uses rejection reason as blocklist reason
vitest	Vitest	2026-10-07T15:48:26.1098567Z [22m[39m[synthetic-scan-result] write failed for sub-1: Error: SUBMISSIONS_KV unavailable: not in worker or Next.js request context
vitest	Vitest	2026-10-07T15:48:26.1101069Z     at getKV [90m(/home/runner/work/vskill-platform/vskill-platform/[39msrc/lib/submission/kv-store.ts:42:11[90m)[39m
vitest	Vitest	2026-10-07T15:48:26.1103208Z [90m    at processTicksAndRejections (node:internal/process/task_queues:103:5)[39m
vitest	Vitest	2026-10-07T15:48:26.1105256Z     at storeScanResult [90m(/home/runner/work/vskill-platform/vskill-platform/[39msrc/lib/submission/kv-store.ts:286:14[90m)[39m
vitest	Vitest	2026-10-07T15:48:26.1107803Z     at writeSyntheticScanResult [90m(/home/runner/work/vskill-platform/vskill-platform/[39msrc/lib/submission/synthetic-scan-result.ts:130:5[90m)[39m
vitest	Vitest	2026-10-07T15:48:26.1110222Z     at Module.PATCH [90m(/home/runner/work/vskill-platform/vskill-platform/[39msrc/app/api/v1/admin/submissions/[id]/reject/route.ts:87:7[90m)[39m
vitest	Vitest	2026-10-07T15:48:26.1112971Z     at [90m/home/runner/work/vskill-platform/vskill-platform/[39msrc/app/api/v1/admin/submissions/[id]/__tests__/route.blocklist.test.ts:139:5
vitest	Vitest	2026-10-07T15:48:26.1115390Z     at [90mfile:///home/runner/work/vskill-platform/vskill-platform/[39mnode_modules/[4m@vitest/runner[24m/dist/chunk-hooks.js:752:20
vitest	Vitest	2026-10-07T15:48:26.1116752Z
vitest	Vitest	2026-10-07T15:49:06.4176825Z [90mstderr[2m | src/app/skills/[owner]/[repo]/[skill]/__tests__/error.test.tsx[2m > [22m[2mSkillError boundary[2m > [22m[2mrenders error message and digest
vitest	Vitest	2026-10-07T15:49:06.4184748Z [22m[39mSkill page error boundary caught: Error: DB circuit open
vitest	Vitest	2026-10-07T15:49:06.4186718Z     at [90m/home/runner/work/vskill-platform/vskill-platform/[39msrc/app/skills/[owner]/[repo]/[skill]/__tests__/error.test.tsx:26:35
vitest	Vitest	2026-10-07T15:49:06.4189222Z     at [90mfile:///home/runner/work/vskill-platform/vskill-platform/[39mnode_modules/[4m@vitest/runner[24m/dist/chunk-hooks.js:734:40
vitest	Vitest	2026-10-07T15:49:06.4192167Z     at runWithSuite [90m(file:///home/runner/work/vskill-platform/vskill-platform/[39mnode_modules/[4m@vitest/runner[24m/dist/chunk-hooks.js:1849:8[90m)[39m
vitest	Vitest	2026-10-07T15:49:06.4194891Z     at Object.collect [90m(file:///home/runner/work/vskill-platform/vskill-platform/[39mnode_modules/[4m@vitest/runner[24m/dist/chunk-hooks.js:734:10[90m)[39m
vitest	Vitest	2026-10-07T15:49:06.4198131Z     at Object.collect [90m(file:///home/runner/work/vskill-platform/vskill-platform/[39mnode_modules/[4m@vitest/runner[24m/dist/chunk-hooks.js:738:54[90m)[39m
vitest	Vitest	2026-10-07T15:49:06.4200360Z [90m    at processTicksAndRejections (node:internal/process/task_queues:103:5)[39m
vitest	Vitest	2026-10-07T15:49:06.4202919Z     at collectTests [90m(file:///home/runner/work/vskill-platform/vskill-platform/[39mnode_modules/[4m@vitest/runner[24m/dist/chunk-hooks.js:1179:25[90m)[39m
vitest	Vitest	2026-10-07T15:49:06.4205635Z     at startTests [90m(file:///home/runner/work/vskill-platform/vskill-platform/[39mnode_modules/[4m@vitest/runner[24m/dist/chunk-hooks.js:1817:17[90m)[39m
vitest	Vitest	2026-10-07T15:49:06.4208241Z     at [90mfile:///home/runner/work/vskill-platform/vskill-platform/[39mnode_modules/[4mvitest[24m/dist/chunks/runBaseTests.9Ij9_de-.js:117:26
vitest	Vitest	2026-10-07T15:49:06.4211225Z     at withEnv [90m(file:///home/runner/work/vskill-platform/vskill-platform/[39mnode_modules/[4mvitest[24m/dist/chunks/runBaseTests.9Ij9_de-.js:84:3[90m)[39m {
vitest	Vitest	2026-10-07T15:49:06.4213109Z   digest: [32m'abc123'[39m
vitest	Vitest	2026-10-07T15:49:06.4213924Z }
vitest	Vitest	2026-10-07T15:49:06.4214512Z
vitest	Vitest	2026-10-07T15:49:06.4376544Z [90mstderr[2m | src/app/skills/[owner]/[repo]/[skill]/__tests__/error.test.tsx[2m > [22m[2mSkillError boundary[2m > [22m[2mcalls reset when Retry is clicked
vitest	Vitest	2026-10-07T15:49:06.4379266Z [22m[39mSkill page error boundary caught: Error: DB circuit open
vitest	Vitest	2026-10-07T15:49:06.4381578Z     at [90m/home/runner/work/vskill-platform/vskill-platform/[39msrc/app/skills/[owner]/[repo]/[skill]/__tests__/error.test.tsx:26:35
vitest	Vitest	2026-10-07T15:49:06.4384025Z     at [90mfile:///home/runner/work/vskill-platform/vskill-platform/[39mnode_modules/[4m@vitest/runner[24m/dist/chunk-hooks.js:734:40
vitest	Vitest	2026-10-07T15:49:06.4386570Z     at runWithSuite [90m(file:///home/runner/work/vskill-platform/vskill-platform/[39mnode_modules/[4m@vitest/runner[24m/dist/chunk-hooks.js:1849:8[90m)[39m
vitest	Vitest	2026-10-07T15:49:06.4389238Z     at Object.collect [90m(file:///home/runner/work/vskill-platform/vskill-platform/[39mnode_modules/[4m@vitest/runner[24m/dist/chunk-hooks.js:734:10[90m)[39m
vitest	Vitest	2026-10-07T15:49:06.4392175Z     at Object.collect [90m(file:///home/runner/work/vskill-platform/vskill-platform/[39mnode_modules/[4m@vitest/runner[24m/dist/chunk-hooks.js:738:54[90m)[39m
vitest	Vitest	2026-10-07T15:49:06.4394420Z [90m    at processTicksAndRejections (node:internal/process/task_queues:103:5)[39m
vitest	Vitest	2026-10-07T15:49:06.4396584Z     at collectTests [90m(file:///home/runner/work/vskill-platform/vskill-platform/[39mnode_modules/[4m@vitest/runner[24m/dist/chunk-hooks.js:1179:25[90m)[39m
vitest	Vitest	2026-10-07T15:49:06.4399125Z     at startTests [90m(file:///home/runner/work/vskill-platform/vskill-platform/[39mnode_modules/[4m@vitest/runner[24m/dist/chunk-hooks.js:1817:17[90m)[39m
vitest	Vitest	2026-10-07T15:49:06.4401911Z     at [90mfile:///home/runner/work/vskill-platform/vskill-platform/[39mnode_modules/[4mvitest[24m/dist/chunks/runBaseTests.9Ij9_de-.js:117:26
vitest	Vitest	2026-10-07T15:49:06.4404529Z     at withEnv [90m(file:///home/runner/work/vskill-platform/vskill-platform/[39mnode_modules/[4mvitest[24m/dist/chunks/runBaseTests.9Ij9_de-.js:84:3[90m)[39m {
vitest	Vitest	2026-10-07T15:49:06.4406976Z   digest: [32m'abc123'[39m
vitest	Vitest	2026-10-07T15:49:06.4407751Z }
vitest	Vitest	2026-10-07T15:49:06.4408378Z
vitest	Vitest	2026-10-07T15:49:06.4483502Z [90mstderr[2m | src/app/skills/[owner]/[repo]/[skill]/__tests__/error.test.tsx[2m > [22m[2mSkillError boundary[2m > [22m[2mlinks back to skills list when on skill detail page
vitest	Vitest	2026-10-07T15:49:06.4504046Z [22m[39mSkill page error boundary caught: Error: DB circuit open
vitest	Vitest	2026-10-07T15:49:06.4512842Z     at [90m/home/runner/work/vskill-platform/vskill-platform/[39msrc/app/skills/[owner]/[repo]/[skill]/__tests__/error.test.tsx:26:35
vitest	Vitest	2026-10-07T15:49:06.4515322Z     at [90mfile:///home/runner/work/vskill-platform/vskill-platform/[39mnode_modules/[4m@vitest/runner[24m/dist/chunk-hooks.js:734:40
vitest	Vitest	2026-10-07T15:49:06.4517985Z     at runWithSuite [90m(file:///home/runner/work/vskill-platform/vskill-platform/[39mnode_modules/[4m@vitest/runner[24m/dist/chunk-hooks.js:1849:8[90m)[39m
vitest	Vitest	2026-10-07T15:49:06.4521511Z     at Object.collect [90m(file:///home/runner/work/vskill-platform/vskill-platform/[39mnode_modules/[4m@vitest/runner[24m/dist/chunk-hooks.js:734:10[90m)[39m
vitest	Vitest	2026-10-07T15:49:06.4524298Z     at Object.collect [90m(file:///home/runner/work/vskill-platform/vskill-platform/[39mnode_modules/[4m@vitest/runner[24m/dist/chunk-hooks.js:738:54[90m)[39m
vitest	Vitest	2026-10-07T15:49:06.4526518Z [90m    at processTicksAndRejections (node:internal/process/task_queues:103:5)[39m
vitest	Vitest	2026-10-07T15:49:06.4528751Z     at collectTests [90m(file:///home/runner/work/vskill-platform/vskill-platform/[39mnode_modules/[4m@vitest/runner[24m/dist/chunk-hooks.js:1179:25[90m)[39m
vitest	Vitest	2026-10-07T15:49:06.4531557Z     at startTests [90m(file:///home/runner/work/vskill-platform/vskill-platform/[39mnode_modules/[4m@vitest/runner[24m/dist/chunk-hooks.js:1817:17[90m)[39m
vitest	Vitest	2026-10-07T15:49:06.4534227Z     at [90mfile:///home/runner/work/vskill-platform/vskill-platform/[39mnode_modules/[4mvitest[24m/dist/chunks/runBaseTests.9Ij9_de-.js:117:26
vitest	Vitest	2026-10-07T15:49:06.4536756Z     at withEnv [90m(file:///home/runner/work/vskill-platform/vskill-platform/[39mnode_modules/[4mvitest[24m/dist/chunks/runBaseTests.9Ij9_de-.js:84:3[90m)[39m {
vitest	Vitest	2026-10-07T15:49:06.4538370Z   digest: [32m'abc123'[39m
vitest	Vitest	2026-10-07T15:49:06.4539132Z }
vitest	Vitest	2026-10-07T15:49:06.4539649Z
vitest	Vitest	2026-10-07T15:49:06.4603459Z [90mstderr[2m | src/app/skills/[owner]/[repo]/[skill]/__tests__/error.test.tsx[2m > [22m[2mSkillError boundary[2m > [22m[2mlinks back to skill when on a sub-page (evals)
vitest	Vitest	2026-10-07T15:49:06.4605932Z [22m[39mSkill page error boundary caught: Error: DB circuit open
vitest	Vitest	2026-10-07T15:49:06.4622672Z     at [90m/home/runner/work/vskill-platform/vskill-platform/[39msrc/app/skills/[owner]/[repo]/[skill]/__tests__/error.test.tsx:26:35
vitest	Vitest	2026-10-07T15:49:06.4642658Z     at [90mfile:///home/runner/work/vskill-platform/vskill-platform/[39mnode_modules/[4m@vitest/runner[24m/dist/chunk-hooks.js:734:40
vitest	Vitest	2026-10-07T15:49:06.4654633Z     at runWithSuite [90m(file:///home/runner/work/vskill-platform/vskill-platform/[39mnode_modules/[4m@vitest/runner[24m/dist/chunk-hooks.js:1849:8[90m)[39m
vitest	Vitest	2026-10-07T15:49:06.4657596Z     at Object.collect [90m(file:///home/runner/work/vskill-platform/vskill-platform/[39mnode_modules/[4m@vitest/runner[24m/dist/chunk-hooks.js:734:10[90m)[39m
vitest	Vitest	2026-10-07T15:49:06.4660364Z     at Object.collect [90m(file:///home/runner/work/vskill-platform/vskill-platform/[39mnode_modules/[4m@vitest/runner[24m/dist/chunk-hooks.js:738:54[90m)[39m
vitest	Vitest	2026-10-07T15:49:06.4662860Z [90m    at processTicksAndRejections (node:internal/process/task_queues:103:5)[39m
vitest	Vitest	2026-10-07T15:49:06.4665033Z     at collectTests [90m(file:///home/runner/work/vskill-platform/vskill-platform/[39mnode_modules/[4m@vitest/runner[24m/dist/chunk-hooks.js:1179:25[90m)[39m
vitest	Vitest	2026-10-07T15:49:06.4667603Z     at startTests [90m(file:///home/runner/work/vskill-platform/vskill-platform/[39mnode_modules/[4m@vitest/runner[24m/dist/chunk-hooks.js:1817:17[90m)[39m
vitest	Vitest	2026-10-07T15:49:06.4670088Z     at [90mfile:///home/runner/work/vskill-platform/vskill-platform/[39mnode_modules/[4mvitest[24m/dist/chunks/runBaseTests.9Ij9_de-.js:117:26
vitest	Vitest	2026-10-07T15:49:06.4673326Z     at withEnv [90m(file:///home/runner/work/vskill-platform/vskill-platform/[39mnode_modules/[4mvitest[24m/dist/chunks/runBaseTests.9Ij9_de-.js:84:3[90m)[39m {
vitest	Vitest	2026-10-07T15:49:06.4675004Z   digest: [32m'abc123'[39m
vitest	Vitest	2026-10-07T15:49:06.4675744Z }
vitest	Vitest	2026-10-07T15:49:06.4676289Z
vitest	Vitest	2026-10-07T15:49:06.4686645Z [90mstderr[2m | src/app/skills/[owner]/[repo]/[skill]/__tests__/error.test.tsx[2m > [22m[2mSkillError boundary[2m > [22m[2mlinks back to skill when on a sub-page (security)
vitest	Vitest	2026-10-07T15:49:06.4688679Z [22m[39mSkill page error boundary caught: Error: DB circuit open
vitest	Vitest	2026-10-07T15:49:06.4690878Z     at [90m/home/runner/work/vskill-platform/vskill-platform/[39msrc/app/skills/[owner]/[repo]/[skill]/__tests__/error.test.tsx:26:35
vitest	Vitest	2026-10-07T15:49:06.4693555Z     at [90mfile:///home/runner/work/vskill-platform/vskill-platform/[39mnode_modules/[4m@vitest/runner[24m/dist/chunk-hooks.js:734:40
vitest	Vitest	2026-10-07T15:49:06.4696019Z     at runWithSuite [90m(file:///home/runner/work/vskill-platform/vskill-platform/[39mnode_modules/[4m@vitest/runner[24m/dist/chunk-hooks.js:1849:8[90m)[39m
vitest	Vitest	2026-10-07T15:49:06.4698623Z     at Object.collect [90m(file:///home/runner/work/vskill-platform/vskill-platform/[39mnode_modules/[4m@vitest/runner[24m/dist/chunk-hooks.js:734:10[90m)[39m
vitest	Vitest	2026-10-07T15:49:06.4701596Z     at Object.collect [90m(file:///home/runner/work/vskill-platform/vskill-platform/[39mnode_modules/[4m@vitest/runner[24m/dist/chunk-hooks.js:738:54[90m)[39m
vitest	Vitest	2026-10-07T15:49:06.4703696Z [90m    at processTicksAndRejections (node:internal/process/task_queues:103:5)[39m
vitest	Vitest	2026-10-07T15:49:06.4705852Z     at collectTests [90m(file:///home/runner/work/vskill-platform/vskill-platform/[39mnode_modules/[4m@vitest/runner[24m/dist/chunk-hooks.js:1179:25[90m)[39m
vitest	Vitest	2026-10-07T15:49:06.4708499Z     at startTests [90m(file:///home/runner/work/vskill-platform/vskill-platform/[39mnode_modules/[4m@vitest/runner[24m/dist/chunk-hooks.js:1817:17[90m)[39m
vitest	Vitest	2026-10-07T15:49:06.4711266Z     at [90mfile:///home/runner/work/vskill-platform/vskill-platform/[39mnode_modules/[4mvitest[24m/dist/chunks/runBaseTests.9Ij9_de-.js:117:26
vitest	Vitest	2026-10-07T15:49:06.4713864Z     at withEnv [90m(file:///home/runner/work/vskill-platform/vskill-platform/[39mnode_modules/[4mvitest[24m/dist/chunks/runBaseTests.9Ij9_de-.js:84:3[90m)[39m {
vitest	Vitest	2026-10-07T15:49:06.4715650Z   digest: [32m'abc123'[39m
vitest	Vitest	2026-10-07T15:49:06.4716415Z }
vitest	Vitest	2026-10-07T15:49:06.4716940Z
vitest	Vitest	2026-10-07T15:49:06.4759137Z [90mstderr[2m | src/app/skills/[owner]/[repo]/[skill]/__tests__/error.test.tsx[2m > [22m[2mSkillError boundary[2m > [22m[2mlinks back to skill when on a nested sub-page (security/provider)
vitest	Vitest	2026-10-07T15:49:06.4761834Z [22m[39mSkill page error boundary caught: Error: DB circuit open
vitest	Vitest	2026-10-07T15:49:06.4763800Z     at [90m/home/runner/work/vskill-platform/vskill-platform/[39msrc/app/skills/[owner]/[repo]/[skill]/__tests__/error.test.tsx:26:35
vitest	Vitest	2026-10-07T15:49:06.4766203Z     at [90mfile:///home/runner/work/vskill-platform/vskill-platform/[39mnode_modules/[4m@vitest/runner[24m/dist/chunk-hooks.js:734:40
vitest	Vitest	2026-10-07T15:49:06.4768705Z     at runWithSuite [90m(file:///home/runner/work/vskill-platform/vskill-platform/[39mnode_modules/[4m@vitest/runner[24m/dist/chunk-hooks.js:1849:8[90m)[39m
vitest	Vitest	2026-10-07T15:49:06.4771538Z     at Object.collect [90m(file:///home/runner/work/vskill-platform/vskill-platform/[39mnode_modules/[4m@vitest/runner[24m/dist/chunk-hooks.js:734:10[90m)[39m
vitest	Vitest	2026-10-07T15:49:06.4774175Z     at Object.collect [90m(file:///home/runner/work/vskill-platform/vskill-platform/[39mnode_modules/[4m@vitest/runner[24m/dist/chunk-hooks.js:738:54[90m)[39m
vitest	Vitest	2026-10-07T15:49:06.4776336Z [90m    at processTicksAndRejections (node:internal/process/task_queues:103:5)[39m
vitest	Vitest	2026-10-07T15:49:06.4778505Z     at collectTests [90m(file:///home/runner/work/vskill-platform/vskill-platform/[39mnode_modules/[4m@vitest/runner[24m/dist/chunk-hooks.js:1179:25[90m)[39m
vitest	Vitest	2026-10-07T15:49:06.4781966Z     at startTests [90m(file:///home/runner/work/vskill-platform/vskill-platform/[39mnode_modules/[4m@vitest/runner[24m/dist/chunk-hooks.js:1817:17[90m)[39m
vitest	Vitest	2026-10-07T15:49:06.4784545Z     at [90mfile:///home/runner/work/vskill-platform/vskill-platform/[39mnode_modules/[4mvitest[24m/dist/chunks/runBaseTests.9Ij9_de-.js:117:26
vitest	Vitest	2026-10-07T15:49:06.4787197Z     at withEnv [90m(file:///home/runner/work/vskill-platform/vskill-platform/[39mnode_modules/[4mvitest[24m/dist/chunks/runBaseTests.9Ij9_de-.js:84:3[90m)[39m {
vitest	Vitest	2026-10-07T15:49:06.4788887Z   digest: [32m'abc123'[39m
vitest	Vitest	2026-10-07T15:49:06.4789589Z }
vitest	Vitest	2026-10-07T15:49:06.4790075Z
vitest	Vitest	2026-10-07T15:49:06.4873300Z [90mstderr[2m | src/app/skills/[owner]/[repo]/[skill]/__tests__/error.test.tsx[2m > [22m[2mSkillError boundary[2m > [22m[2mrenders without digest when not provided
vitest	Vitest	2026-10-07T15:49:06.4876925Z [22m[39mSkill page error boundary caught: Error: fail
vitest	Vitest	2026-10-07T15:49:06.4878922Z     at [90m/home/runner/work/vskill-platform/vskill-platform/[39msrc/app/skills/[owner]/[repo]/[skill]/__tests__/error.test.tsx:72:38
vitest	Vitest	2026-10-07T15:49:06.4881656Z     at [90mfile:///home/runner/work/vskill-platform/vskill-platform/[39mnode_modules/[4m@vitest/runner[24m/dist/chunk-hooks.js:155:11
vitest	Vitest	2026-10-07T15:49:06.4884053Z     at [90mfile:///home/runner/work/vskill-platform/vskill-platform/[39mnode_modules/[4m@vitest/runner[24m/dist/chunk-hooks.js:752:26
vitest	Vitest	2026-10-07T15:49:06.4888333Z     at [90mfile:///home/runner/work/vskill-platform/vskill-platform/[39mnode_modules/[4m@vitest/runner[24m/dist/chunk-hooks.js:1897:20
vitest	Vitest	2026-10-07T15:49:06.4889900Z     at new Promise (<anonymous>)
vitest	Vitest	2026-10-07T15:49:06.4892122Z     at runWithTimeout [90m(file:///home/runner/work/vskill-platform/vskill-platform/[39mnode_modules/[4m@vitest/runner[24m/dist/chunk-hooks.js:1863:10[90m)[39m
vitest	Vitest	2026-10-07T15:49:06.4898034Z     at runTest [90m(file:///home/runner/work/vskill-platform/vskill-platform/[39mnode_modules/[4m@vitest/runner[24m/dist/chunk-hooks.js:1574:12[90m)[39m
vitest	Vitest	2026-10-07T15:49:06.4900964Z [90m    at processTicksAndRejections (node:internal/process/task_queues:103:5)[39m
vitest	Vitest	2026-10-07T15:49:06.4903167Z     at runSuite [90m(file:///home/runner/work/vskill-platform/vskill-platform/[39mnode_modules/[4m@vitest/runner[24m/dist/chunk-hooks.js:1729:8[90m)[39m
vitest	Vitest	2026-10-07T15:49:06.4904668Z     at runSuite [90m(file:///home/runner/work/vskill-platform/vskill-platform/[39mnode_modules/[4m@vitest/runner[24m/dist/chunk-hooks.js:1729:8[90m)[39m {
vitest	Vitest	2026-10-07T15:49:06.4905413Z   digest: [90mundefined[39m
vitest	Vitest	2026-10-07T15:49:06.4905689Z }
vitest	Vitest	2026-10-07T15:49:06.4905826Z
vitest	Vitest	2026-10-07T15:49:51.4937868Z [90mstderr[2m | src/app/components/__tests__/MobileNav.test.tsx
vitest	Vitest	2026-10-07T15:49:51.4943720Z [22m[39mNot implemented: navigation to another Document
vitest	Vitest	2026-10-07T15:49:51.4944519Z
vitest	Vitest	2026-10-07T15:50:14.3025903Z [90mstderr[2m | src/app/api/v1/stats/__tests__/route.test.ts[2m > [22m[2mGET /api/v1/stats[2m > [22m[2mreturns 500 when getHomeStats throws
vitest	Vitest	2026-10-07T15:50:14.3032927Z [22m[39mGET /api/v1/stats error: Error: KV unavailable
vitest	Vitest	2026-10-07T15:50:14.3036436Z     at [90m/home/runner/work/vskill-platform/vskill-platform/[39msrc/app/api/v1/stats/__tests__/route.test.ts:50:44
vitest	Vitest	2026-10-07T15:50:14.3038433Z     at [90mfile:///home/runner/work/vskill-platform/vskill-platform/[39mnode_modules/[4m@vitest/runner[24m/dist/chunk-hooks.js:155:11
vitest	Vitest	2026-10-07T15:50:14.3040809Z     at [90mfile:///home/runner/work/vskill-platform/vskill-platform/[39mnode_modules/[4m@vitest/runner[24m/dist/chunk-hooks.js:752:26
vitest	Vitest	2026-10-07T15:50:14.3083580Z     at [90mfile:///home/runner/work/vskill-platform/vskill-platform/[39mnode_modules/[4m@vitest/runner[24m/dist/chunk-hooks.js:1897:20
vitest	Vitest	2026-10-07T15:50:14.3100249Z     at new Promise (<anonymous>)
vitest	Vitest	2026-10-07T15:50:14.3102148Z     at runWithTimeout [90m(file:///home/runner/work/vskill-platform/vskill-platform/[39mnode_modules/[4m@vitest/runner[24m/dist/chunk-hooks.js:1863:10[90m)[39m
vitest	Vitest	2026-10-07T15:50:14.3104952Z     at runTest [90m(file:///home/runner/work/vskill-platform/vskill-platform/[39mnode_modules/[4m@vitest/runner[24m/dist/chunk-hooks.js:1574:12[90m)[39m
vitest	Vitest	2026-10-07T15:50:14.3106756Z [90m    at processTicksAndRejections (node:internal/process/task_queues:103:5)[39m
vitest	Vitest	2026-10-07T15:50:14.3108408Z     at runSuite [90m(file:///home/runner/work/vskill-platform/vskill-platform/[39mnode_modules/[4m@vitest/runner[24m/dist/chunk-hooks.js:1729:8[90m)[39m
vitest	Vitest	2026-10-07T15:50:14.3110468Z     at runSuite [90m(file:///home/runner/work/vskill-platform/vskill-platform/[39mnode_modules/[4m@vitest/runner[24m/dist/chunk-hooks.js:1729:8[90m)[39m
vitest	Vitest	2026-10-07T15:50:14.3111824Z
vitest	Vitest	2026-10-07T15:50:44.8513599Z [33m[39m[32m·[39m[33m[39m[32m·[39m[33m[39m[32m·[39m[33m[39m[32m·[39m[33m[39m[32m·[39m[33m[39m[32m·[39m[33m[39m[32m·[39m[33m[39m[32m·[39m[33m[39m[32m·[39m[33m[39m[32m·[39m[33m[39m[32m·[39m[33m[39m[32m·[39m[33m[39m[32m·[39m[33m[39m[32m·[39m[33m[39m[32m·[39m[33m[39m[32m·[39m[33m[39m[32m·[39m[33m[39m[32m·[39m[33m[39m[32m·[39m[33m[39m[32m·[39m[33m[39m[32m·[39m[33m[39m[32m·[39m[33m[39m[32m·[39m[33m[39m[32m·[39m[33m[39m[32m·[39m[33m[39m[32m·[39m[33m[39m[32m·[39m[33m[39m[32m·[39m[33m[39m[32m·[39m[33m[39m[32m·[39m[33m[39m[32m·[39m[33m[39m[32m·[39m[33m[39m[32m·[39m[33m[39m[32m·[39m[33m[39m[32m·[39m[33m[39m[32m·[39m[33m[39m[32m·[39m[33m[39m[32m·[39m[33m[39m[32m·[39m[33m[39m[32m·[39m[33m[39m[32m·[39m[33m[39m[32m·[39m[33m[39m[32m·[39m[33m[39m[32m·[39m[33m[39m[32m·[39m[33m[39m[32m·[39m[33m[39m[32m·[39m[33m[39m[32m·[39m[33m[39m[32m·[39m[33m[39m[32m·[39m[33m[39m[32m·[39m[33m[39m[32m·[39m[33m[39m[32m·[39m[33m[39m[32m·[39m[33m[39m[32m·[39m[33m[39m[32m·[39m[33m[39m[32m·[39m[33m[39m[32m·[39m[33m[39m[32m·[39m[33m[39m[32m·[39m[33m[39m[32m·[39m[33m[39m[32m·[39m[33m[39m[32m·[39m[33m[39m[32m·[39m[33m[39m[32m·[39m[33m[39m[32m·[39m[33m[39m[32m·[39m[33m[39m[32m·[39m[33m[39m[32m·[39m[33m[39m[32m·[39m[33m[39m[32m·[39m[33m[39m[32m·[39m[33m[39m[32m·[39m[33m[39m[32m·[39m[33m[39m[32m·[39m[33m[39m[32m·[39m[33m[39m[32m·[39m[33m[39m[32m·[39m[33m[39m[32m·[39m[33m[39m[32m·[39m[33m[39m[32m·[39m[33m[39m[32m·[39m[33m[39m[32m·[39m[33m[39m[32m·[39m[33m[39m[32m·[39m[33m[39m[32m·[39m[33m[39m[32m·[39m[33m[39m[32m·[39m[33m[39m[32m·[39m[33m[39m[32m·[39m[33m[39m[32m·[39m[33m[39m[32m·[39m[33m[39m[32m·[39m[33m[39m[32m·[39m[33m[39m[32m·[39m[33m[39m[32m·[39m[33m[39m[32m·[39m[33m[39m[32m·[39m[33m[39m[32m·[39m[33m[39m[32m·[39m[33m[39m[32m·[39m[33m[39m[32m·[39m[33m[39m[32m·[39m[33m[39m[32m·[39m[33m[39m[32m·[39m[33m[39m[32m·[39m[33m[39m[32m·[39m[33m[39m[32m·[39m[33m[39m[32m·[39m[33m[39m[32m·[39m[33m[39m[32m·[39m[33m[39m[32m·[39m[33m[39m[32m·[39m[33m[39m[32m·[39m[33m[39m[32m·[39m[33m[39m[32m·[39m[33m[39m[32m·[39m[33m[39m[32m·[39m[33m[39m[32m·[39m[33m[39m[32m·[39m[33m[39m[32m·[39m[33m[39m[32m·[39m[33m[39m[32m·[39m[33m[39m[32m·[39m[33m[39m[32m·[39m[33m[39m[32m·[39m[33m[39m[32m·[39m[33m[39m[32m·[39m[33m[39m[32m·[39m[33m[39m[32m·[39m[33m[39m[32m·[39m[33m[39m[32m·[39m[33m[39m[32m·[39m[33m[39m[32m·[39m[33m[39m[32m·[39m[33m[39m[32m·[39m[33m[39m[32m·[39m[33m[39m[32m·[39m[33m[39m[32m·[39m[33m[39m[32m·[39m[33m[39m[32m·[39m[33m[39m[32m·[39m[33m[39m[32m·[39m[33m[39m[32m·[39m[33m[39m[32m·[39m[33m[39m[32m·[39m[33m[39m[32m·[39m[33m[39m[32m·[39m[33m[39m[32m·[39m[33m[39m[32m·[39m[33m[39m[32m·[39m[33m[39m[32m·[39m[33m[39m[32m·[39m[33m[39m[32m·[39m[33m[39m[32m·[39m[33m[39m[32m·[39m[33m[39m[32m·[39m[33m[39m[32m·[39m[33m[39m[32m·[39m[33m[39m[32m·[39m[33m[39m[32m·[39m[33m[39m[32m·[39m[33m[39m[32m·[39m[33m[39m[32m·[39m[33m[39m[32m·[39m[33m[39m[32m·[39m[33m[39m[32m·[39m[33m[39m[32m·[39m[33m[39m[32m·[39m[33m[39m[32m·[39m[33m[39m[32m·[39m[33m[39m[32m·[39m[33m[39m[32m·[39m[33m[39m[32m·[39m[33m[39m[32m·[39m[33m[39m[32m·[39m[33m[39m[32m·[39m[33m[39m[32m·[39m[33m[39m[32m·[39m[33m[39m[32m·[39m[33m[39m[32m·[39m[33m[39m[32m·[39m[33m[39m[32m·[39m[33m[39m[32m·[39m[33m[39m[32m·[39m[33m[39m[32m·[39m[33m[39m[32m·[39m[33m[39m[32m·[39m[33m[39m[32m·[39m[33m[39m[32m·[39m[33m[39m[32m·[39m[33m[39m[32m·[39m[33m[39m[32m·[39m[33m[39m[32m·[39m[33m[39m[32m·[39m[33m[39m[32m·[39m[33m[39m[32m·[39m[33m[39m[32m·[39m[33m[39m[32m·[39m[33m[39m[32m·[39m[33m[39m[32m·[39m[33m[39m[32m·[39m[33m[39m[32m·[39m[33m[39m[32m·[39m[33m[39m[32m·[39m[33m[39m[32m·[39m[33m[39m[32m·[39m[33m[39m[32m·[39m[33m[39m[32m·[39m[33m[39m[32m·[39m[33m[39m[32m·[39m[33m[39m[32m·[39m[33m[39m[32m·[39m[33m[39m[32m·[39m[33m[39m[32m·[39m[33m[39m[32m·[39m[33m[39m[32m·[39m[33m[39m[32m·[39m[33m[39m[32m·[39m[33m[39m[32m·[39m[33m[39m[32m·[39m[33m[39m[32m·[39m[33m[39m[32m·[39m[33m[39m[32m·[39m[33m[39m[32m·[39m[33m[39m[32m·[39m[33m[39m[32m·[39m[33m[39m[32m·[39m[33m[39m[32m·[39m[33m[39m[32m·[39m[33m[39m[32m·[39m[33m[39m[32m·[39m[33m[39m[32m·[39m[33m[39m[32m·[39m[33m[39m[32m·[39m[33m[39m[32m·[39m[33m[39m[32m·[39m[33m[39m[32m·[39m[33m[39m[32m·[39m[33m[39m[32m·[39m[33m[39m[32m·[39m[33m[39m[32m·[39m[33m[39m[32m·[39m[33m[39m[32m·[39m[33m[39m[32m·[39m[33m[39m[32m·[39m[33m[39m[32m·[39m[33m[39m[32m·[39m[33m[39m[32m·[39m[33m[39m[32m·[39m[33m[39m[32m·[39m[33m[39m[32m·[39m[33m[39m[32m·[39m[33m[39m[32m·[39m[33m[39m[32m·[39m[33m[39m[32m·[39m[33m[39m[32m·[39m[33m[39m[32m·[39m[33m[39m[32m·[39m[33m[39m[32m·[39m[33m[39m[32m·[39m[33m[39m[32m·[39m[33m[39m[32m·[39m[33m[39m[32m·[39m[33m[39m[32m·[39m[33m[39m[32m·[39m[33m[39m[32m·[39m[33m[39m[32m·[39m[33m[39m[32m·[39m[33m[39m[32m·[39m[33m[39m[32m·[39m[33m[39m[32m·[39m[33m[39m[32m·[39m[33m[39m[32m·[39m[33m[39m[32m·[39m[33m[39m[32m·[39m[33m[39m[32m·[39m[33m[39m[32m·[39m[33m[39m[32m·[39m[33m[39m[32m·[39m[33m[39m[32m·[39m[33m[39m[32m·[39m[33m[39m[32m·[39m[33m[39m[32m·[39m[33m[39m[32m·[39m[33m[39m[32m·[39m[33m[39m[32m·[39m[33m[39m[32m·[39m[33m[39m[32m·[39m[33m[39m[32m·[39m[33m[39m[32m·[39m[33m[39m[32m·[39m[33m[39m[32m·[39m[33m[39m[32m·[39m[33m[39m[32m·[39m[33m[39m[32m·[39m[33m[39m[32m·[39m[33m[39m[32m·[39m[33m[39m[32m·[39m[33m[39m[32m·[39m[33m[39m[32m·[39m[33m[39m[32m·[39m[33m[39m[32m·[39m[33m[39m[32m·[39m[33m[39m[32m·[39m[33m[39m[32m·[39m[33m[39m[32m·[39m[33m[39m[32m·[39m[33m[39m[32m·[39m[33m[39m[32m·[39m[33m[39m[32m·[39m[33m[39m[32m·[39m[33m[39m[32m·[39m[33m[39m[32m·[39m[33m[39m[32m·[39m[33m[39m[32m·[39m[33m[39m[32m·[39m[33m[39m[32m·[39m[33m[39m[32m·[39m[33m[39m[32m·[39m[33m[39m[32m·[39m[33m[39m[32m·[39m[33m[39m[32m·[39m[33m[39m[32m·[39m[33m[39m[32m·[39m[33m[39m[32m·[39m[33m[39m[32m·[39m[33m[39m[32m·[39m[33m[39m[32m·[39m[33m[39m[32m·[39m[33m[39m[32m·[39m[33m[39m[32m·[39m[33m[39m[32m·[39m[33m[39m[32m·[39m[33m[39m[32m·[39m[33m[39m[32m·[39m[33m[39m[32m·[39m[33m[39m[32m·[39m[33m[39m[32m·[39m[33m[39m[32m·[39m[33m[39m[32m·[39m[33m[39m[32m·[39m[33m[39m[32m·[39m[33m[39m[32m·[39m[33m[39m[32m·[39m[33m[39m[32m·[39m[33m[39m[32m·[39m[33m[39m[32m·[39m[33m[39m[32m·[39m[33m[39m[32m·[39m[33m[39m[32m·[39m[33m[39m[32m·[39m[33m[39m[32m·[39m[33m[39m[32m·[39m[33m[39m[32m·[39m[33m[39m[32m·[39m[33m[39m[32m·[39m[33m[39m[32m·[39m[33m[39m[32m·[39m[33m[39m[32m·[39m[33m[39m[32m·[39m[33m[39m[32m·[39m[33m[39m[32m·[39m[33m[39m[32m·[39m[33m[39m[32m·[39m[33m[39m[32m·[39m[33m[39m[32m·[39m[33m[39m[32m·[39m[33m[39m[32m·[39m[33m[39m[32m·[39m[33m[39m[32m·[39m[33m[39m[32m·[39m[33m[39m[32m·[39m[33m[39m[32m·[39m[33m[39m[32m·[39m[33m[39m[32m·[39m[33m[39m[32m·[39m[33m[39m[32m·[39m[33m[39m[32m·[39m[33m[39m[32m·[39m[33m[39m[32m·[39m[33m[39m[32m·[39m[33m[39m[32m·[39m[33m[39m[32m·[39m[33m[39m[32m·[39m[33m[39m[32m·[39m[33m[39m[32m·[39m[33m[39m[32m·[39m[33m[39m[32m·[39m[33m[39m[32m·[39m[33m[39m[32m·[39m[33m[39m[32m·[39m[33m[39m[32m·[39m[33m[39m[32m·[39m[33m[39m[32m·[39m[33m[39m[32m·[39m[33m[39m[32m·[39m[33m[39m[32m·[39m[33m[39m[32m·[39m[33m[39m[32m·[39m[33m[39m[32m·[39m[33m[39m[32m·[39m[33m[39m[32m·[39m[33m[39m[32m·[39m[33m[39m[32m·[39m[33m[39m[32m·[39m[33m[39m[32m·[39m[33m[39m[32m·[39m[33m[39m[32m·[39m[33m[39m[32m·[39m[33m[39m[32m·[39m[33m[39m[32m·[39m[33m[39m[32m·[39m[33m[39m[32m·[39m[33m[39m[32m·[39m[33m[39m[32m·[39m[33m[39m[32m·[39m[33m[39m[32m·[39m[33m[39m[32m·[39m[33m[39m[32m·[39m[33m[39m[32m·[39m[33m[39m[32m·[39m[33m[39m[32m·[39m[33m[39m[32m·[39m[33m[39m[32m·[39m[33m[39m[32m·[39m[33m[39m[32m·[39m[33m[39m[32m·[39m[33m[39m[32m·[39m[33m[39m[32m·[39m[33m[39m[32m·[39m[33m[39m[32m·[39m[33m[39m[32m·[39m[33m[39m[32m·[39m[33m[39m[32m·[39m[33m[39m[32m·[39m[33m[39m[32m·[39m[33m[39m[32m·[39m[33m[39m[32m·[39m[33m[39m[32m·[39m[33m[39m[32m·[39m[33m[39m[32m·[39m[33m[39m[32m·[39m[33m[39m[32m·[39m[33m[39m[32m·[39m[33m[39m[32m·[39m[33m[39m[32m·[39m[33m[39m[32m·[39m[33m[39m[32m·[39m[33m[39m[32m·[39m[33m[39m[32m·[39m[33m[39m[32m·[39m[33m[39m[32m·[39m[33m[39m[32m·[39m[33m[39m[32m·[39m[33m[39m[32m·[39m[33m[39m[32m·[39m[33m[39m[32m·[39m[33m[39m[32m·[39m[33m[39m[32m·[39m[33m[39m[32m·[39m[33m[39m[32m·[39m[33m[39m[32m·[39m[33m[39m[32m·[39m[33m[39m[32m·[39m[33m[39m[32m·[39m[33m[39m[32m·[39m[33m[39m[32m·[39m[33m[39m[32m·[39m[33m[39m[32m·[39m[33m[39m[32m·[39m[33m[39m[32m·[39m[33m[39m[32m·[39m[33m[39m[32m·[39m[33m[39m[32m·[39m[33m[39m[32m·[39m[33m[39m[32m·[39m[33m[39m[32m·[39m[33m[39m[32m·[39m[33m[39m[32m·[39m[33m[39m[32m·[39m[33m[39m[32m·[39m[33m[39m[32m·[39m[33m[39m[32m·[39m[33m[39m[32m·[39m[33m[39m[32m·[39m[33m[39m[32m·[39m[33m[39m[32m·[39m[33m[39m[32m·[39m[33m[39m[32m·[39m[33m[39m[32m·[39m[33m[39m[32m·[39m[33m[39m[32m·[39m[33m[39m[32m·[39m[33m[39m[32m·[39m[33m[39m[32m·[39m[33m[39m[32m·[39m[33m[39m[32m·[39m[33m[39m[32m·[39m[33m[39m[32m·[39m[33m[39m[32m·[39m[33m[39m[32m·[39m[33m[39m[32m·[39m[33m[39m[32m·[39m[33m[39m[32m·[39m[33m[39m[32m·[39m[33m[39m[32m·[39m[33m[39m[32m·[39m[33m[39m[32m·[39m[33m[39m[32m·[39m[33m[39m[32m·[39m[33m[39m[32m·[39m[33m[39m[32m·[39m[33m[39m[32m·[39m[33m[39m[32m·[39m[33m[39m[32m·[39m[33m[39m[32m·[39m[33m[39m[32m·[39m[33m[39m[32m·[39m[33m[39m[32m·[39m[33m[39m[32m·[39m[33m[39m[32m·[39m[33m[39m[32m·[39m[33m[39m[32m·[39m[33m[39m[32m·[39m[33m[39m[32m·[39m[33m[39m[32m·[39m[33m[39m[32m·[39m[33m[39m[32m·[39m[33m[39m[32m·[39m[33m[39m[32m·[39m[33m[39m[32m·[39m[33m[39m[32m·[39m[33m[39m[32m·[39m[33m[39m[32m·[39m[33m[39m[32m·[39m[33m[39m[32m·[39m[33m[39m[32m·[39m[33m[39m[32m·[39m[33m[39m[32m·[39m[33m[39m[32m·[39m[33m[39m[32m·[39m[33m[39m[32m·[39m[33m[39m[32m·[39m[33m[39m[32m·[39m[33m[39m[32m·[39m[33m[39m[32m·[39m[33m[39m[32m·[39m[33m[39m[32m·[39m[33m[39m[32m·[39m[33m[39m[32m·[39m[33m[39m[32m·[39m[33m[39m[32m·[39m[33m[39m[32m·[39m[33m[39m[32m·[39m[33m[39m[32m·[39m[33m[39m[32m·[39m[33m[39m[32m·[39m[33m[39m[32m·[39m[33m[39m[32m·[39m[33m[39m[32m·[39m[33m[39m[32m·[39m[33m[39m[32m·[39m[33m[39m[32m·[39m[33m[39m[32m·[39m[33m[39m[32m·[39m[33m[39m[32m·[39m[33m[39m[32m·[39m[33m[39m[32m·[39m[33m[39m[32m·[39m[33m[39m[32m·[39m[33m[39m[32m·[39m[33m[39m[32m·[39m[33m[39m[32m·[39m[33m[39m[32m·[39m[33m[39m[32m·[39m[33m[39m[32m·[39m[33m[39m[32m·[39m[33m[39m[32m·[39m[33m[39m[32m·[39m[33m[39m[32m·[39m[33m[39m[32m·[39m[33m[39m[32m·[39m[33m[39m[32m·[39m[33m[39m[32m·[39m[33m[39m[32m·[39m[33m[39m[32m·[39m[33m[39m[32m·[39m[33m[39m[32m·[39m[33m[39m[32m·[39m[33m[39m[32m·[39m[33m[39m[32m·[39m[33m[39m[32m·[39m[33m[39m[32m·[39m[33m[39m[32m·[39m[33m[39m[32m·[39m[33m[39m[32m·[39m[33m[39m[32m·[39m[33m[39m[32m·[39m[33m[39m[32m·[39m[33m[39m[32m·[39m[33m[39m[32m·[39m[33m[39m[32m·[39m[33m[39m[32m·[39m[33m[39m[32m·[39m[33m[39m[32m·[39m[33m[39m[32m·[39m[33m[39m[32m·[39m[33m[39m[32m·[39m[33m[39m[32m·[39m[33m[39m[32m·[39m[33m[39m[32m·[39m[33m[39m[32m·[39m[33m[39m[32m·[39m[33m[39m[32m·[39m[33m[39m[32m·[39m[33m[39m[32m·[39m[33m[39m[32m·[39m[33m[39m[32m·[39m[33m[39m[32m·[39m[33m[39m[32m·[39m[33m[39m[32m·[39m[33m[39m[32m·[39m[33m[39m[32m·[39m[33m[39m[32m·[39m[33m[39m[32m·[39m[33m[39m[32m·[39m[33m[39m[32m·[39m[33m[39m[32m·[39m[33m[39m[32m·[39m[33m[39m[32m·[39m[33m[39m[32m·[39m[33m[39m[32m·[39m[33m[39m[32m·[39m[33m[39m[32m·[39m[33m[39m[32m·[39m[33m[39m[32m·[39m[33m[39m[32m·[39m[33m[39m[32m·[39m[33m[39m[32m·[39m[33m[39m[32m·[39m[33m[39m[32m·[39m[33m[39m[32m·[39m[33m[39m[32m·[39m[33m[39m[32m·[39m[33m[39m[32m·[39m[33m[39m[32m·[39m[33m[39m[32m·[39m[33m[39m[32m·[39m[33m[39m[32m·[39m[33m[39m[32m·[39m[33m[39m[32m·[39m[33m[39m[32m·[39m[33m[39m[32m·[39m[33m[39m[32m·[39m[33m[39m[32m·[39m[33m[39m[32m·[39m[33m[39m[32m·[39m[33m[39m[32m·[39m[33m[39m[32m·[39m[33m[39m[32m·[39m[33m[39m[32m·[39m[33m[39m[32m·[39m[33m[39m[32m·[39m[33m[39m[32m·[39m[33m[39m[32m·[39m[33m[39m[32m·[39m[33m[39m[32m·[39m[33m[39m[32m·[39m[33m[39m[32m·[39m[33m[39m[32m·[39m[33m[39m[32m·[39m[33m[39m[32m·[39m[33m[39m[32m·[39m[33m[39m[32m·[39m[33m[39m[32m·[39m[33m[39m[32m·[39m[33m[39m[32m·[39m[33m[39m[32m·[39m[33m[39m[32m·[39m[33m[39m[32m·[39m[33m[39m[32m·[39m[33m[39m[32m·[39m[33m[39m[32m·[39m[33m[39m[32m·[39m[33m[39m[32m·[39m[33m[39m[32m·[39m[33m[39m[32m·[39m[33m[39m[32m·[39m[33m[39m[32m·[39m[33m[39m[32m·[39m[33m[39m[32m·[39m[33m[39m[32m·[39m[33m[39m[32m·[39m[33m[39m[32m·[39m[33m[39m[32m·[39m[33m[39m[32m·[39m[33m[39m[32m·[39m[33m[39m[32m·[39m[33m[39m[32m·[39m[33m[39m[32m·[39m[33m[39m[32m·[39m[33m[39m[32m·[39m[33m[39m[32m·[39m[33m[39m[32m·[39m[33m[39m[32m·[39m[33m[39m[32m·[39m[33m[39m[32m·[39m[33m[39m[32m·[39m[33m[39m[32m·[39m[33m[39m[32m·[39m[33m[39m[32m·[39m[33m[39m[32m·[39m[33m[39m[32m·[39m[33m[39m[32m·[39m[33m[39m[32m·[39m[33m[39m[32m·[39m[33m[39m[32m·[39m[33m[39m[32m·[39m[33m[39m[32m·[39m[33m[39m[32m·[39m[33m[39m[32m·[39m[33m[39m[32m·[39m[33m[39m[32m·[39m[33m[39m[32m·[39m[33m[39m[32m·[39m[33m[39m[32m·[39m[33m[39m[32m·[39m[33m[39m[32m·[39m[33m[39m[32m·[39m[33m[39m[32m·[39m[33m[39m[32m·[39m[33m[39m[32m·[39m[33m[39m[32m·[39m[33m[39m[32m·[39m[33m[39m[32m·[39m[33m[39m[32m·[39m[33m[39m[32m·[39m[33m[39m[32m·[39m[33m[39m[32m·[39m[33m[39m[32m·[39m[33m[39m[32m·[39m[33m[39m[32m·[39m[33m[39m[32m·[39m[33m[39m[32m·[39m[33m[39m[32m·[39m[33m[39m[32m·[39m[33m[39m[32m·[39m[33m[39m[32m·[39m[33m[39m[32m·[39m[33m[39m[32m·[39m[33m[39m[32m·[39m[33m[39m[32m·[39m[33m[39m[32m·[39m[33m[39m[32m·[39m[33m[39m[32m·[39m[33m[39m[32m·[39m[33m[39m[32m·[39m[33m[39m[32m·[39m[33m[39m[32m·[39m[33m[39m[32m·[39m[33m[39m[32m·[39m[33m[39m[32m·[39m[33m[39m[32m·[39m[33m[39m[32m·[39m[33m[39m[32m·[39m[33m[39m[32m·[39m[33m[39m[32m·[39m[33m[39m[32m·[39m[33m[39m[32m·[39m[33m[39m[32m·[39m[33m[39m[32m·[39m[33m[39m[32m·[39m[33m[39m[32m·[39m[33m[39m[32m·[39m[33m[39m[32m·[39m[33m[39m[32m·[39m[33m[39m[32m·[39m[33m[39m[32m·[39m[33m[39m[32m·[39m[33m[39m[32m·[39m[33m[39m[32m·[39m[33m[39m[32m·[39m[33m[39m[32m·[39m[33m[39m[32m·[39m[33m[39m[32m·[39m[33m[39m[32m·[39m[33m[39m[32m·[39m[33m[39m[32m·[39m[33m[39m[32m·[39m[33m[39m[32m·[39m[33m[39m[32m·[39m[33m[39m[32m·[39m[33m[39m[32m·[39m[33m[39m[32m·[39m[33m[39m[32m·[39m[33m[39m[32m·[39m[33m[39m[32m·[39m[33m[39m[32m·[39m[33m[39m[32m·[39m[33m[39m[32m·[39m[33m[39m[32m·[39m[33m[39m[32m·[39m[33m[39m[32m·[39m[33m[39m[32m·[39m[33m[39m[32m·[39m[33m[39m[32m·[39m[33m[39m[32m·[39m[33m[39m[32m·[39m[33m[39m[32m·[39m[33m[39m[32m·[39m[33m[39m[32m·[39m[33m[39m[32m·[39m[33m[39m[32m·[39m[33m[39m[32m·[39m[33m[39m[32m·[39m[33m[39m[32m·[39m[33m[39m[32m·[39m[33m[39m[32m·[39m[33m[39m[32m·[39m[33m[39m[32m·[39m[33m[39m[32m·[39m[33m[39m[32m·[39m[33m[39m[32m·[39m[33m[39m[32m·[39m[33m[39m[32m·[39m[33m[39m[32m·[39m[33m[39m[32m·[39m[33m[39m[32m·[39m[33m[39m[32m·[39m[33m[39m[32m·[39m[33m[39m[32m·[39m[33m[39m[32m·[39m[33m[39m[32m·[39m[33m[39m[32m·[39m[33m[39m[32m·[39m[33m[39m[32m·[39m[33m[39m[32m·[39m[33m[39m[32m·[39m[33m[39m[32m·[39m[33m[39m[32m·[39m[33m[39m[32m·[39m[33m[39m[32m·[39m[33m[39m[32m·[39m[33m[39m[32m·[39m[33m[39m[32m·[39m[33m[39m[32m·[39m[33m[39m[32m·[39m[33m[39m[32m·[39m[33m[39m[32m·[39m[33m[39m[32m·[39m[33m[39m[32m·[39m[33m[39m[32m·[39m[33m[39m[32m·[39m[33m[39m[32m·[39m
vitest	Vitest	2026-10-07T15:50:44.8732505Z
vitest	Vitest	2026-10-07T15:50:44.8747833Z [2m Test Files [22m [1m[32m648 passed[39m[22m[2m | [22m[33m4 skipped[39m[90m (652)[39m
vitest	Vitest	2026-10-07T15:50:44.8851531Z [2m      Tests [22m [1m[32m6141 passed[39m[22m[2m | [22m[33m14 skipped[39m[90m (6155)[39m
vitest	Vitest	2026-10-07T15:50:44.8853059Z [2m   Start at [22m 15:41:11
vitest	Vitest	2026-10-07T15:50:44.8881458Z [2m   Duration [22m 572.94s[2m (transform 15.31s, setup 88.16s, collect 36.28s, tests 111.34s, environment 189.81s, prepare 50.52s)[22m
vitest	Vitest	2026-10-07T15:50:44.8901249Z
vitest	Post Run actions/setup-node@v4	﻿2026-10-07T15:50:45.1076336Z Post job cleanup.
vitest	Post Run actions/setup-node@v4	2026-10-07T15:50:45.2523134Z (node:15920) [DEP0040] DeprecationWarning: The `punycode` module is deprecated. Please use a userland alternative instead.
vitest	Post Run actions/setup-node@v4	2026-10-07T15:50:45.2525068Z (Use `node --trace-deprecation ...` to show where the warning was created)
vitest	Post Run actions/setup-node@v4	2026-10-07T15:50:45.2529371Z Cache hit occurred on the primary key node-cache-Linux-x64-npm-14725580997e1350a5392267a5acd2a17d95c3584d07c15b3661891f046ea6c0, not saving cache.
vitest	Post Run actions/checkout@v4	﻿2026-10-07T15:50:45.2703270Z Post job cleanup.
vitest	Post Run actions/checkout@v4	2026-10-07T15:50:45.3981396Z [command]/usr/bin/git version
vitest	Post Run actions/checkout@v4	2026-10-07T15:50:45.4031457Z git version 2.55.0
vitest	Post Run actions/checkout@v4	2026-10-07T15:50:45.4082290Z Temporarily overriding HOME='/home/runner/work/_temp/b3572cf2-a707-472b-a600-a1aa0c1471ee' before making global git config changes
vitest	Post Run actions/checkout@v4	2026-10-07T15:50:45.4106374Z Adding repository directory to the temporary git global config as a safe directory
vitest	Post Run actions/checkout@v4	2026-10-07T15:50:45.4108036Z [command]/usr/bin/git config --global --add safe.directory /home/runner/work/vskill-platform/vskill-platform
vitest	Post Run actions/checkout@v4	2026-10-07T15:50:45.4171734Z [command]/usr/bin/git config --local --name-only --get-regexp core\.sshCommand
vitest	Post Run actions/checkout@v4	2026-10-07T15:50:45.4243114Z [command]/usr/bin/git submodule foreach --recursive sh -c "git config --local --name-only --get-regexp 'core\.sshCommand' && git config --local --unset-all 'core.sshCommand' || :"
vitest	Post Run actions/checkout@v4	2026-10-07T15:50:45.4691864Z [command]/usr/bin/git config --local --name-only --get-regexp http\.https\:\/\/github\.com\/\.extraheader
vitest	Post Run actions/checkout@v4	2026-10-07T15:50:45.4711899Z http.https://github.com/.extraheader
vitest	Post Run actions/checkout@v4	2026-10-07T15:50:45.4744455Z [command]/usr/bin/git config --local --unset-all http.https://github.com/.extraheader
vitest	Post Run actions/checkout@v4	2026-10-07T15:50:45.4799542Z [command]/usr/bin/git submodule foreach --recursive sh -c "git config --local --name-only --get-regexp 'http\.https\:\/\/github\.com\/\.extraheader' && git config --local --unset-all 'http.https://github.com/.extraheader' || :"
vitest	Post Run actions/checkout@v4	2026-10-07T15:50:45.5311900Z [command]/usr/bin/git config --local --name-only --get-regexp ^includeIf\.gitdir:
vitest	Post Run actions/checkout@v4	2026-10-07T15:50:45.5386785Z [command]/usr/bin/git submodule foreach --recursive git config --local --show-origin --name-only --get-regexp remote.origin.url
vitest	Complete job	﻿2026-10-07T15:50:45.6015306Z Cleaning up orphan processes
vitest	Complete job	2026-10-07T15:50:45.6433402Z ##[warning]Node.js 20 is deprecated. The following actions target Node.js 20 but are being forced to run on Node.js 24: actions/checkout@v4, actions/setup-node@v4. For more information see: https://github.blog/changelog/2025-09-19-deprecation-of-node-20-on-github-actions-runners/
