🔑 GitHub token: process.env GITHUB_TOKEN (pat, account anton-abyzov) → anton-abyzov/specweave

━━━━━━━━━━━━━━━━━━━━━━━━━━━━━━━━━━━━━━━━━━━━━━━━━━━━━━━━━
  📊 COMPREHENSIVE PROGRESS SYNC
━━━━━━━━━━━━━━━━━━━━━━━━━━━━━━━━━━━━━━━━━━━━━━━━━━━━━━━━━

📦 Increment: 0881

📝 Step 1/5: Syncing ACs from tasks.md to spec.md...
   ✅ AC sync will be triggered during living docs sync

📚 Step 2/5: Syncing increment to living docs...
🔍 Building feature registry...
✅ Registry built with 280 features
📁 Single-project mode: using specweave
   ♻️  Reusing existing feature folder: FS-881
🔄 Derived feature ID: FS-881
📚 Syncing 0881-portable-project-hub → FS-881...
No per-US **Project**: fields found in 0881-portable-project-hub
Resolved project for 0881-portable-project-hub: specweave (high, source: config)
Using cached project resolution for 0881-portable-project-hub
   Resolved project: specweave (config, high)
Loaded 3 projects from registry
   📁 Feature folder: specweave/FS-881/
   ✅ GitHub sync enabled (config.sync.github, owner: anton-abyzov)
   ✅ Jira sync enabled (config.sync.jira)
   ✅ ADO sync enabled (config.sync.ado)
   📡 External tools detected: github, jira, ado

📡 Syncing to external tools: github, jira, ado
   📋 Permissions: upsert=true, update=true, status=true
   🔄 Syncing to GitHub...
   🔑 GitHub token: process.env GITHUB_TOKEN (pat)
   📝 Using GitHub config: anton-abyzov/specweave
   📝 Using distributed sync target (child-repo-name): anton-abyzov/specweave

🔄 Syncing Feature FS-881 to GitHub...
   📦 Feature: 0881 — Portable project hub
   📊 Status: completed
   ♻️  Using existing Milestone #264

   📝 Found 0 User Stories to sync...
   🌿 Default branch: develop

✅ Feature sync complete!
   Milestone: https://github.com/anton-abyzov/specweave/milestone/264
   User Stories: 0
   Issues created: 0
   Issues updated: 0
   ✅ Synced to GitHub: 0 updated, 0 created
   🔄 Syncing to JIRA...
   📝 Using distributed JIRA target (child-repo-name): SWE2E
   📝 Using JIRA config: antonabyzov.atlassian.net

🔄 Syncing spec FS-881 to Jira Epic...
   Creating new Jira Epic...
❌ Error syncing to Jira: Request failed with status code 404
   Response: {"errorMessage":"Site temporarily unavailable","errorCode":"OTHER"}
   ⚠️  JIRA sync had issues: Request failed with status code 404
   🔄 Syncing to Azure DevOps...
   📝 Using distributed ADO target (child-repo-name): EasyChamp/SpecWeaveSync
   📝 Using ADO config: EasyChamp/SpecWeaveSync

🔄 Syncing spec FS-881 to ADO Feature...
   Found existing ADO Feature #2457
   ℹ️  Title unchanged, skipping
   ✅ Updated ADO Feature #2457 (1 field(s) changed)
   ℹ️  No user stories to sync
✅ Sync complete!
   ✅ Synced to ADO: 2457
      📝 Backfilled metadata.json with ado links
✅ Synced 0881-portable-project-hub → FS-881
   Created: 1 files
   ✅ Living docs sync complete

🔧 Step 3/5: Detecting external tool configuration...
   📋 Permissions: canUpsertInternalItems=true, canUpdateExternalItems=true
   ✅ GitHub integration detected
   ✅ JIRA integration detected
   ✅ Azure DevOps integration detected

🔗 Step 4/5: Auto-creating external issues if missing...
   📝 No GitHub issue linked - AUTO-CREATING...
   ⏭️  Skipped: GitHub sync handled by LivingDocsSync → GitHubFeatureSync pipeline
   📝 No JIRA issue linked - AUTO-CREATING...
🔨 Creating Epic: [FS-881] 0881-portable-project-hub
   ⚠️  JIRA issue creation failed: Jira API Error (404): <!DOCTYPE html>
<html lang="en">
    <head>
        <meta charset="utf-8">
        <meta name="description" content="">
        <meta name="viewport" content="width=device-width, initial-scale=1">
        <title>Atlassian Cloud Notifications - Page Unavailable</title>
        <link rel="stylesheet" href="/_edge/resources/aui-prototyping.css">
    </head>
    <body>
        <div id="page">
            <section id="content" role="main" class="aui-page-notification aui-page-size-medium">
                <div id="notifications" class="aui-page-panel">
                    <div class="aui-page-header-inner">
                        <section class="aui-page-panel-content">
                            <h1>Page unavailable</h1>
                            <div class="aui-page-notification-description">
                                Your Atlassian Cloud site is currently unavailable.
                                <br/><br/>
                                Please check <a href="https://status.atlassian.com">Atlassian Status</a> for known problems.
                                <br />
                                If there are no known problems and your page hasn't appeared again in 5-10 minutes then please contact our support team.
                            </div>
                            <br>
                            <p>
                                <a href="https://status.atlassian.com" class="aui-button aui-button-primary">
                                    Atlassian Status
                                </a>
                                &nbsp;
                                <a href="https://support.atlassian.com" class="aui-button">
                                    Contact Support
                                </a>
                            </p>
                            <br>
                            <p style="color:#B3B3B3; font:normal 12px/18px Helvetica, Arial;">Request ID: b1fed361324e43639820d0a3fb9665fa</p>
                        </section>
                    </div>
                </div>
            </section>
            <footer id="footer">
                <section class="footer-body">
                    <ul>
                        <li><a href="https://status.atlassian.com">Atlassian Status</a></li>
                        <li><a href="https://confluence.atlassian.com/display/cloud/What's+New">Release Summary</a></li>
                        <li><a href="https://confluence.atlassian.com/display/Cloud/Atlassian+Cloud+Documentation">Documentation</a></li>
                    </ul>
                    <div id="footer-logo"><a href="https://www.atlassian.com/" target="_blank">Atlassian</a></div>
                </section>
            </footer>
        </div>
    </body>
</html>
   📝 No ADO work item linked - AUTO-CREATING...
✅ 0881-portable-project-hub already has ado issue: #2457
   ⏭️  Skipped: Issue already exists: #2457

🔄 Step 5/5: Syncing AC checkboxes to external tools...
   🐙 GitHub: Syncing AC checkboxes...
ℹ️  No user stories found for this increment
   ℹ️  GitHub: No AC checkbox changes needed

📊 Updating status line cache...
   ✅ Status line cache updated

━━━━━━━━━━━━━━━━━━━━━━━━━━━━━━━━━━━━━━━━━━━━━━━━━━━━━━━━━
  ✅ PROGRESS SYNC COMPLETE
━━━━━━━━━━━━━━━━━━━━━━━━━━━━━━━━━━━━━━━━━━━━━━━━━━━━━━━━━

📦 Increment: 0881-portable-project-hub

✅ Synced:
   • Tasks → ACs (spec.md)
   • Spec → Living docs (user stories)
   • Status line cache

⚠️  Warnings:
   • JIRA issue creation failed: Jira API Error (404): <!DOCTYPE html>
<html lang="en">
    <head>
        <meta charset="utf-8">
        <meta name="description" content="">
        <meta name="viewport" content="width=device-width, initial-scale=1">
        <title>Atlassian Cloud Notifications - Page Unavailable</title>
        <link rel="stylesheet" href="/_edge/resources/aui-prototyping.css">
    </head>
    <body>
        <div id="page">
            <section id="content" role="main" class="aui-page-notification aui-page-size-medium">
                <div id="notifications" class="aui-page-panel">
                    <div class="aui-page-header-inner">
                        <section class="aui-page-panel-content">
                            <h1>Page unavailable</h1>
                            <div class="aui-page-notification-description">
                                Your Atlassian Cloud site is currently unavailable.
                                <br/><br/>
                                Please check <a href="https://status.atlassian.com">Atlassian Status</a> for known problems.
                                <br />
                                If there are no known problems and your page hasn't appeared again in 5-10 minutes then please contact our support team.
                            </div>
                            <br>
                            <p>
                                <a href="https://status.atlassian.com" class="aui-button aui-button-primary">
                                    Atlassian Status
                                </a>
                                &nbsp;
                                <a href="https://support.atlassian.com" class="aui-button">
                                    Contact Support
                                </a>
                            </p>
                            <br>
                            <p style="color:#B3B3B3; font:normal 12px/18px Helvetica, Arial;">Request ID: b1fed361324e43639820d0a3fb9665fa</p>
                        </section>
                    </div>
                </div>
            </section>
            <footer id="footer">
                <section class="footer-body">
                    <ul>
                        <li><a href="https://status.atlassian.com">Atlassian Status</a></li>
                        <li><a href="https://confluence.atlassian.com/display/cloud/What's+New">Release Summary</a></li>
                        <li><a href="https://confluence.atlassian.com/display/Cloud/Atlassian+Cloud+Documentation">Documentation</a></li>
                    </ul>
                    <div id="footer-logo"><a href="https://www.atlassian.com/" target="_blank">Atlassian</a></div>
                </section>
            </footer>
        </div>
    </body>
</html>

Next steps:
   • Run sw:validate 0881-portable-project-hub to validate quality
   • Run sw:done 0881-portable-project-hub when ready to close

Retry queue is empty.
