 DEPRECATED  "environmentMatchGlobs" is deprecated. Use `test.projects` to define different configurations instead.

 RUN  v3.2.4 /Users/antonabyzov/Projects/github/specweave-umb/repositories/anton-abyzov/0874-vm-observations

 ✓ src/lib/alerts/__tests__/detectors.test.ts (44 tests) 10ms
 ✓ src/lib/alerts/__tests__/source-observations.test.ts (20 tests) 14ms
stderr | src/app/api/v1/admin/queue-health/__tests__/route.test.ts > GET /api/v1/admin/queue-health > SendGrid throws → route still 200 (alert failure is non-fatal)
[admin/queue-health] alert send failed: Error: sendgrid down
    at /Users/antonabyzov/Projects/github/specweave-umb/repositories/anton-abyzov/0874-vm-observations/src/app/api/v1/admin/queue-health/__tests__/route.test.ts:223:52
    at file:///Users/antonabyzov/Projects/github/specweave-umb/repositories/anton-abyzov/0874-vm-observations/node_modules/@vitest/runner/dist/chunk-hooks.js:155:11
    at file:///Users/antonabyzov/Projects/github/specweave-umb/repositories/anton-abyzov/0874-vm-observations/node_modules/@vitest/runner/dist/chunk-hooks.js:752:26
    at file:///Users/antonabyzov/Projects/github/specweave-umb/repositories/anton-abyzov/0874-vm-observations/node_modules/@vitest/runner/dist/chunk-hooks.js:1897:20
    at new Promise (<anonymous>)
    at runWithTimeout (file:///Users/antonabyzov/Projects/github/specweave-umb/repositories/anton-abyzov/0874-vm-observations/node_modules/@vitest/runner/dist/chunk-hooks.js:1863:10)
    at runTest (file:///Users/antonabyzov/Projects/github/specweave-umb/repositories/anton-abyzov/0874-vm-observations/node_modules/@vitest/runner/dist/chunk-hooks.js:1574:12)
    at processTicksAndRejections (node:internal/process/task_queues:105:5)
    at runSuite (file:///Users/antonabyzov/Projects/github/specweave-umb/repositories/anton-abyzov/0874-vm-observations/node_modules/@vitest/runner/dist/chunk-hooks.js:1729:8)
    at runSuite (file:///Users/antonabyzov/Projects/github/specweave-umb/repositories/anton-abyzov/0874-vm-observations/node_modules/@vitest/runner/dist/chunk-hooks.js:1729:8)

 ✓ src/app/api/v1/admin/queue-health/__tests__/route.test.ts (13 tests) 12ms
stderr | src/app/api/v1/internal/vm-heartbeat/__tests__/route.test.ts > POST /api/v1/internal/vm-heartbeat > degrades to 200 ok:false when SUBMISSIONS_KV missing (no 5xx)
[vm-heartbeat] SUBMISSIONS_KV binding missing

 ✓ src/app/api/v1/internal/vm-heartbeat/__tests__/route.test.ts (50 tests) 16ms
stderr | src/app/api/v1/internal/alerts-evaluator/__tests__/route.test.ts > POST /api/v1/internal/alerts-evaluator > 0874 incident: a persistently dead discovery-floor query still pages BLIND after exhausting retries (never-silent-green preserved)
[alerts-evaluator] discovery-floor query failed (detector-blind): Error: DB operation timed out after 8000ms
    at /Users/antonabyzov/Projects/github/specweave-umb/repositories/anton-abyzov/0874-vm-observations/src/app/api/v1/internal/alerts-evaluator/__tests__/route.test.ts:126:49
    at file:///Users/antonabyzov/Projects/github/specweave-umb/repositories/anton-abyzov/0874-vm-observations/node_modules/@vitest/runner/dist/chunk-hooks.js:155:11
    at file:///Users/antonabyzov/Projects/github/specweave-umb/repositories/anton-abyzov/0874-vm-observations/node_modules/@vitest/runner/dist/chunk-hooks.js:752:26
    at file:///Users/antonabyzov/Projects/github/specweave-umb/repositories/anton-abyzov/0874-vm-observations/node_modules/@vitest/runner/dist/chunk-hooks.js:1897:20
    at new Promise (<anonymous>)
    at runWithTimeout (file:///Users/antonabyzov/Projects/github/specweave-umb/repositories/anton-abyzov/0874-vm-observations/node_modules/@vitest/runner/dist/chunk-hooks.js:1863:10)
    at runTest (file:///Users/antonabyzov/Projects/github/specweave-umb/repositories/anton-abyzov/0874-vm-observations/node_modules/@vitest/runner/dist/chunk-hooks.js:1574:12)
    at runSuite (file:///Users/antonabyzov/Projects/github/specweave-umb/repositories/anton-abyzov/0874-vm-observations/node_modules/@vitest/runner/dist/chunk-hooks.js:1729:8)
    at runSuite (file:///Users/antonabyzov/Projects/github/specweave-umb/repositories/anton-abyzov/0874-vm-observations/node_modules/@vitest/runner/dist/chunk-hooks.js:1729:8)
    at runFiles (file:///Users/antonabyzov/Projects/github/specweave-umb/repositories/anton-abyzov/0874-vm-observations/node_modules/@vitest/runner/dist/chunk-hooks.js:1787:3)

stderr | src/app/api/v1/internal/alerts-evaluator/__tests__/route.test.ts > POST /api/v1/internal/alerts-evaluator > 0874 incident: an open DB circuit pages immediately without burning the retry budget
[alerts-evaluator] discovery-floor query failed (detector-blind): Error: DB circuit open — skipping Skill.count
    at /Users/antonabyzov/Projects/github/specweave-umb/repositories/anton-abyzov/0874-vm-observations/src/app/api/v1/internal/alerts-evaluator/__tests__/route.test.ts:145:52
    at file:///Users/antonabyzov/Projects/github/specweave-umb/repositories/anton-abyzov/0874-vm-observations/node_modules/@vitest/runner/dist/chunk-hooks.js:155:11
    at file:///Users/antonabyzov/Projects/github/specweave-umb/repositories/anton-abyzov/0874-vm-observations/node_modules/@vitest/runner/dist/chunk-hooks.js:752:26
    at file:///Users/antonabyzov/Projects/github/specweave-umb/repositories/anton-abyzov/0874-vm-observations/node_modules/@vitest/runner/dist/chunk-hooks.js:1897:20
    at new Promise (<anonymous>)
    at runWithTimeout (file:///Users/antonabyzov/Projects/github/specweave-umb/repositories/anton-abyzov/0874-vm-observations/node_modules/@vitest/runner/dist/chunk-hooks.js:1863:10)
    at runTest (file:///Users/antonabyzov/Projects/github/specweave-umb/repositories/anton-abyzov/0874-vm-observations/node_modules/@vitest/runner/dist/chunk-hooks.js:1574:12)
    at runSuite (file:///Users/antonabyzov/Projects/github/specweave-umb/repositories/anton-abyzov/0874-vm-observations/node_modules/@vitest/runner/dist/chunk-hooks.js:1729:8)
    at runSuite (file:///Users/antonabyzov/Projects/github/specweave-umb/repositories/anton-abyzov/0874-vm-observations/node_modules/@vitest/runner/dist/chunk-hooks.js:1729:8)
    at runFiles (file:///Users/antonabyzov/Projects/github/specweave-umb/repositories/anton-abyzov/0874-vm-observations/node_modules/@vitest/runner/dist/chunk-hooks.js:1787:3)

 ✓ src/app/api/v1/internal/alerts-evaluator/__tests__/route.test.ts (15 tests) 1025ms
   ✓ POST /api/v1/internal/alerts-evaluator > 0874 incident: a persistently dead discovery-floor query still pages BLIND after exhausting retries (never-silent-green preserved)  756ms

 Test Files  5 passed (5)
      Tests  142 passed (142)
   Start at  18:57:53
   Duration  1.79s (transform 163ms, setup 247ms, collect 227ms, tests 1.08s, environment 1.27s, prepare 176ms)

