
Running 47 tests using 1 worker

(node:43722) Warning: The 'NO_COLOR' env is ignored due to the 'FORCE_COLOR' env being set.
(Use `node --trace-warnings ...` to show where the warning was created)
(node:43722) Warning: The 'NO_COLOR' env is ignored due to the 'FORCE_COLOR' env being set.
(Use `node --trace-warnings ...` to show where the warning was created)
  ✓   1 [chromium] › tests/e2e/0826/accessibility-audit.spec.ts:94:7 › 0826 / a11y audit › /orgs/{slug} has zero serious or critical violations (1.3s)
  ✓   2 [chromium] › tests/e2e/0826/accessibility-audit.spec.ts:106:7 › 0826 / a11y audit › /publish has zero serious or critical violations (582ms)
  ✓   3 [chromium] › tests/e2e/0826/accessibility-audit.spec.ts:114:7 › 0826 / a11y audit › /orgs/{slug}/audit-log has zero serious or critical violations (807ms)
  ✓   4 [chromium] › tests/e2e/0826/accessibility-audit.spec.ts:122:7 › 0826 / a11y audit › PrivateBadge passes color-contrast specifically (511ms)
  ✓   5 [chromium] › tests/e2e/0826/accessibility-audit.spec.ts:137:7 › 0826 / a11y audit › PrivateBanner has correct aria-live + role (313ms)
  ✓   6 [chromium] › tests/e2e/0826/accessibility-audit.spec.ts:150:7 › 0826 / a11y audit › privacy-toggle dialog has role=dialog + aria-modal=true (612ms)
  ✓   7 [chromium] › tests/e2e/0826/anti-mistake-publish.spec.ts:59:7 › 0826 / anti-mistake publish › submit is disabled when no privacy is chosen (DECIDE_LATER) (351ms)
  ✓   8 [chromium] › tests/e2e/0826/anti-mistake-publish.spec.ts:70:7 › 0826 / anti-mistake publish › submit enables when PUBLIC is chosen with a non-private repo URL (592ms)
  ✓   9 [chromium] › tests/e2e/0826/anti-mistake-publish.spec.ts:87:7 › 0826 / anti-mistake publish › PUBLIC + repo URL containing 'private' → visibility-mismatch alert (361ms)
  ✓  10 [chromium] › tests/e2e/0826/anti-mistake-publish.spec.ts:112:7 › 0826 / anti-mistake publish › PRIVATE submission yields an in-page success status (317ms)
  ✓  11 [chromium] › tests/e2e/0826/anti-mistake-publish.spec.ts:132:7 › 0826 / anti-mistake publish › FREE subscription cannot publish a private skill (488ms)
  ✓  12 [chromium] › tests/e2e/0826/anti-mistake-publish.spec.ts:152:7 › 0826 / anti-mistake publish › PRIVATE → PUBLIC opens role=dialog with aria-modal=true (313ms)
  ✓  13 [chromium] › tests/e2e/0826/anti-mistake-publish.spec.ts:167:7 › 0826 / anti-mistake publish › typing wrong skill name keeps confirm disabled (477ms)
  ✓  14 [chromium] › tests/e2e/0826/anti-mistake-publish.spec.ts:179:7 › 0826 / anti-mistake publish › typing exact skill name enables confirm (498ms)
  ✓  15 [chromium] › tests/e2e/0826/anti-mistake-publish.spec.ts:191:7 › 0826 / anti-mistake publish › ESC closes the dialog without committing PUBLIC (540ms)
  ✓  16 [chromium] › tests/e2e/0826/anti-mistake-publish.spec.ts:207:7 › 0826 / anti-mistake publish › focus moves into the dialog on open (313ms)
  ✓  17 [chromium] › tests/e2e/0826/audit-log-viewer.spec.ts:48:7 › 0826 / audit log viewer › audit log table renders the mocked events (441ms)
  ✓  18 [chromium] › tests/e2e/0826/audit-log-viewer.spec.ts:60:7 › 0826 / audit log viewer › filter by action group 'installation.*' narrows results (599ms)
  ✓  19 [chromium] › tests/e2e/0826/audit-log-viewer.spec.ts:72:7 › 0826 / audit log viewer › filter by outcome=failure narrows results (382ms)
  ✓  20 [chromium] › tests/e2e/0826/audit-log-viewer.spec.ts:80:7 › 0826 / audit log viewer › filter by actor narrows results (393ms)
  ✓  21 [chromium] › tests/e2e/0826/audit-log-viewer.spec.ts:88:7 › 0826 / audit log viewer › CSV export anchor exists with correct query params (398ms)
  ✓  22 [chromium] › tests/e2e/0826/audit-log-viewer.spec.ts:98:7 › 0826 / audit log viewer › JSON export anchor exists with correct query params (487ms)
  ✓  23 [chromium] › tests/e2e/0826/cli-auth-flow.spec.ts:53:7 › 0826 / CLI auth flow (Studio integration) › sidebar shows 'Connect GitHub' CTA when no GitHub auth is present (711ms)
  ✓  24 [chromium] › tests/e2e/0826/cli-auth-flow.spec.ts:70:7 › 0826 / CLI auth flow (Studio integration) › clicking Connect GitHub shows the device-flow user code (939ms)
  ✓  25 [chromium] › tests/e2e/0826/cli-auth-flow.spec.ts:91:7 › 0826 / CLI auth flow (Studio integration) › after simulated approval, sidebar lists the org's private skills (577ms)
  ✓  26 [chromium] › tests/e2e/0826/cli-auth-flow.spec.ts:111:7 › 0826 / CLI auth flow (Studio integration) › device-flow request hits the mocked GitHub endpoint, never real github.com (436ms)
  ✓  27 [chromium] › tests/e2e/0826/free-tier-caps.spec.ts:52:7 › 0826 / free-tier caps › healthy usage on /publish does NOT render TenantCapBanner (621ms)
  ✓  28 [chromium] › tests/e2e/0826/free-tier-caps.spec.ts:59:7 › 0826 / free-tier caps › healthy usage on /orgs/{slug} does NOT render TenantCapBanner (589ms)
  ✓  29 [chromium] › tests/e2e/0826/free-tier-caps.spec.ts:64:7 › 0826 / free-tier caps › usage stats render with current counts on /orgs/{slug} (507ms)
  ✓  30 [chromium] › tests/e2e/0826/free-tier-caps.spec.ts:74:7 › 0826 / free-tier caps › FREE tenant private publish is rejected without creating a skill (255ms)
  ✓  31 [chromium] › tests/e2e/0826/install-flow.spec.ts:63:7 › 0826 / install-flow › connect-org button redirects to GitHub install page (mocked) (570ms)
  ✓  32 [chromium] › tests/e2e/0826/install-flow.spec.ts:77:7 › 0826 / install-flow › install callback creates Tenant + Installation + OrgMember rows (539ms)
  ✓  33 [chromium] › tests/e2e/0826/install-flow.spec.ts:104:7 › 0826 / install-flow › audit event 'installation.create' is recorded (465ms)
  ✓  34 [chromium] › tests/e2e/0826/install-flow.spec.ts:114:7 › 0826 / install-flow › after install, /orgs/{slug}/skills loads with PrivateBadge chrome (1.1s)
  ✓  35 [chromium] › tests/e2e/0826/install-flow.spec.ts:151:7 › 0826 / install-flow › toast / banner confirms successful install (387ms)
  ✓  36 [chromium] › tests/e2e/0826/private-banner-persistence.spec.ts:44:7 › 0826 / private banner persistence › PrivateBanner is visible above the fold (578ms)
  ✓  37 [chromium] › tests/e2e/0826/private-banner-persistence.spec.ts:56:7 › 0826 / private banner persistence › PrivateBadge (role=status) is rendered alongside the heading (440ms)
  ✓  38 [chromium] › tests/e2e/0826/private-banner-persistence.spec.ts:69:7 › 0826 / private banner persistence › browser tab title contains [Private] (380ms)
  ✓  39 [chromium] › tests/e2e/0826/private-banner-persistence.spec.ts:74:7 › 0826 / private banner persistence › PrivateBanner has NO dismiss button (security-critical) (293ms)
  ✓  40 [chromium] › tests/e2e/0826/private-banner-persistence.spec.ts:86:7 › 0826 / private banner persistence › banner has aria-live so screen readers announce privacy (259ms)
  ✓  41 [chromium] › tests/e2e/0826/public-private-isolation.spec.ts:60:7 › 0826 / public-private isolation › public catalog shows public skill but NOT private skill (532ms)
  ✓  42 [chromium] › tests/e2e/0826/public-private-isolation.spec.ts:71:7 › 0826 / public-private isolation › public search must not return private skills (1.2s)
  ✓  43 [chromium] › tests/e2e/0826/public-private-isolation.spec.ts:84:7 › 0826 / public-private isolation › anonymous direct URL to a private skill returns 404 (no 401 oracle) (119ms)
  ✓  44 [chromium] › tests/e2e/0826/public-private-isolation.spec.ts:94:7 › 0826 / public-private isolation › anonymous canonical URL pattern also 404s (227ms)
  ✓  45 [chromium] › tests/e2e/0826/public-private-isolation.spec.ts:109:7 › 0826 / public-private isolation › non-member of T2 hitting T2's private skill gets 404 (237ms)
  ✓  46 [chromium] › tests/e2e/0826/public-private-isolation.spec.ts:124:7 › 0826 / public-private isolation › authenticated org member can view private skill (200 + private banner) (382ms)
  ✓  47 [chromium] › tests/e2e/0826/public-private-isolation.spec.ts:140:7 › 0826 / public-private isolation › sitemap.xml does not list any private slugs (129ms)

  47 passed (26.3s)
