#0 building with "default" instance using docker driver

#1 [internal] load build definition from Dockerfile
#1 transferring dockerfile: 305B done
#1 DONE 0.0s

#2 [internal] load metadata for docker.io/library/node:20-slim
#2 DONE 0.3s

#3 [internal] load .dockerignore
#3 transferring context: 2B done
#3 DONE 0.0s

#4 [1/6] FROM docker.io/library/node:20-slim@sha256:2cf067cfed83d5ea958367df9f966191a942351a2df77d6f0193e162b5febfc0
#4 resolve docker.io/library/node:20-slim@sha256:2cf067cfed83d5ea958367df9f966191a942351a2df77d6f0193e162b5febfc0 0.0s done
#4 DONE 0.0s

#5 [internal] load build context
#5 transferring context: 612.05kB 0.0s done
#5 DONE 0.0s

#6 [3/6] WORKDIR /app
#6 CACHED

#7 [4/6] COPY package.json ./
#7 CACHED

#8 [2/6] RUN apt-get update && apt-get install -y --no-install-recommends git ca-certificates curl && rm -rf /var/lib/apt/lists/*
#8 CACHED

#9 [5/6] RUN npm install --production --ignore-scripts
#9 CACHED

#10 [6/6] COPY . .
#10 DONE 0.0s

#11 exporting to image
#11 exporting layers 0.1s done
#11 exporting manifest sha256:1a9fa97f7e1a0faf7d8f48f1cce72f1d7c252d10011b5565e17daf326ff8a21d done
#11 exporting config sha256:cf0af4e8ff063ab13a57d9f2ba20acc606ff0d48c954fec63200cbbce2fe2413 done
#11 exporting attestation manifest sha256:5faa61f889dfa8e4694668f9640707a904952e7330f28f7ac15b36b2db09e2e4
#11 exporting attestation manifest sha256:5faa61f889dfa8e4694668f9640707a904952e7330f28f7ac15b36b2db09e2e4 0.0s done
#11 exporting manifest list sha256:9fb777180cfcc41491781b9988338181523ba8e66f43e2322c20d5da018d51d3 done
#11 naming to docker.io/library/vskill-crawl-worker:4b7888a19ebce292b3f77d49c052fad31abfe90a done
#11 unpacking to docker.io/library/vskill-crawl-worker:4b7888a19ebce292b3f77d49c052fad31abfe90a 0.0s done
#11 DONE 0.2s
