 DEPRECATED  "environmentMatchGlobs" is deprecated. Use `test.projects` to define different configurations instead.

 RUN  v3.2.4 /Users/antonabyzov/Projects/github/specweave-umb/repositories/anton-abyzov/0874-bulk-request-memory

 ❯ src/app/api/v1/submissions/bulk/__tests__/route.db-lifecycle.test.ts (1 test | 1 failed) 38ms
   × uses one owned client for 50 entries across the real repository, identity and upsert helpers 38ms
     → expected [ Array(150) ] to have a length of 1 but got 150

⎯⎯⎯⎯⎯⎯⎯ Failed Tests 1 ⎯⎯⎯⎯⎯⎯⎯

 FAIL  src/app/api/v1/submissions/bulk/__tests__/route.db-lifecycle.test.ts > uses one owned client for 50 entries across the real repository, identity and upsert helpers
AssertionError: expected [ Array(150) ] to have a length of 1 but got 150

- Expected
+ Received

- 1
+ 150

 ❯ src/app/api/v1/submissions/bulk/__tests__/route.db-lifecycle.test.ts:57:25
     55|   expect(mocks.identity).toHaveBeenCalledTimes(50);
     56|   expect(mocks.create).toHaveBeenCalledTimes(50);
     57|   expect(mocks.clients).toHaveLength(1);
       |                         ^
     58|   expect(mocks.clients[0].$disconnect).toHaveBeenCalledTimes(1);
     59| });

⎯⎯⎯⎯⎯⎯⎯⎯⎯⎯⎯⎯⎯⎯⎯⎯⎯⎯⎯⎯⎯⎯⎯⎯[1/1]⎯


 Test Files  1 failed (1)
      Tests  1 failed (1)
   Start at  15:00:57
   Duration  803ms (transform 174ms, setup 158ms, collect 298ms, tests 38ms, environment 0ms, prepare 44ms)

